[    0.000000] Linux version 4.15.0-51-generic (buildd@lgw01-amd64-059) (gcc version 7.3.0 (Ubuntu 7.3.0-16ubuntu3)) #55-Ubuntu SMP Wed May 15 14:27:21 UTC 2019 (Ubuntu 4.15.0-51.55-generic 4.15.18)
[    0.000000]Comand line: BOOT_IMAGE=/boot/vmlinuz-4.15.0-51-genericro=UUID=36f5d4-1dd0-4284-b5af-9b234b433392 ro console=tty1 console=ttyS0
[    0.000000] KERNEL supported cpus:
[    0.000000   Intel GenuineIntel
[    0.000000]   AMD AuthenticAMD
[    0.000000]   Centaur CentaurHauls
[    0.000000] x86/fpu: Supporting XSAVE feature 0x001: 'x87 floating point registers'
[    0.000000] x86/fpu: Supporting XSAVE feature 0x002: 'SSE registers'
[    0.000000] x86/fpu: Supporting XSAVE feature 0x004: 'AVX registers'
[    0.000000] x86/fpu:xstate_offst[2]:  576, xstate_sizes[2]:  256
[    0.000000] x86/fpu: Enabled xstate features 0x7, context size is 832 bytes, using 'standard' format.
[    0.000000] e820: BIOS-provided physical RAM map:
[    0.000000] BIO-e820: [mem 0x0000000000000000-0x000000000009fbff] usable
   0.00000 BIOS-e820: [mem 0x000000000009fc00-0x000000000009ffff] reserved
[    0.000000] BIOS-e820: [mem 0x00000000000f0000-0x00000000000fffff] reserved
[    0.000000] BIOS-e820: [mem 0x00000000001000-0x0000003ffeffff] usable
[    0.000000] BIOS-e820: [me 0x000000003fff0000-0x000000003fffffff] ACPI data
[    0.000000] BIOS-e820: [mem 0x00000000fec00000-0x00000000fec00fff] reserved
[    0.000000] BIOS-e820: [mem 0x00000000fee00000-0x00000000fee00fff] reserved
[    0.000000] BIOS-e820: [mem 0x00000000fffc0000-0x00000000ffffff reserved
    0.000000] NX (Execute Disable) protection active
[    0.000000] SMBIOS 2.5 presen
    0.0000] D: innotek GmbH VirtualBox/VirtualBox, BIOS VirtualBox 12/01/2006
[    0.000000] Hypervisor detected: KVM
[    0.000000] e820: last_pfn = 0x3fff0 max_arch_pfn = 0x400000000
[  0.000000] MTRR: Disabled
[    0.000000] x86/PAT: MTRRs disabled, skipping PAT initialization too.
[    0.000000] CPU MTRRs all blank - virtualized system.
[    0.000000] x86/PAT: Configuration [0-7]: WB  WT  UC- UC  B  WT  UC- UC  
[    000000] found SMP MP-table at [mem 0x0009f0-0x0009ffff] mapped at [        (ptrval)]
[    0.000000] Scanning 1 areas for low memory corruption
[    0.000000] RAMDISK: [mem0x59d3000-0x36ce0fff]
[    0.000000] ACPI: Early table checksum verification disabled
[    0.000000] ACPI: RSDP 0x00000000000E0000 000024 (v02 VBOX  )
[    0.0000] ACPI:SDT 0x00000003FFF0030 00003C (v01 VBOX   VBOXXSDT 00000001 ASL  00000061)
[   0.0000] ACPI: FACP 0x0000003F00F 000F4 (v0VBOX   VBOXFAC000000 ASL  00000061)
[  0.000000ACI: DSDT x000003FF0470  0021FF (v02 VBOX   VBOXBIOS 00000002 INTL 20100528)
    0.000000] ACPI: FACS 0x000000003FFF0200 000040
[    0.000000] API: ACS 0x00000003FFF0200 00004
[    0.000000] ACPI: APIC 0x000000003FFF0240 00005C (v02 VBOX   VBOXAPIC 00000001 ASL  00000061)
[    0.000000] ACPI: SSDT 0x000000003FFF02A0 0001CC (v01 VBOX   VBOXCPUT 0000002 INTL 20100528)
[    0.000000] No NUMA configuration found
[    0.000000] Faking a node at [mem 0000000000000000-0x000000003ffeffff]
[    0.000000] NODE_DATA(0) allocated [mem 0x3ffc5000-0x3ffefff]
    0.000000] kvm-clock: cpu 0, msr 0:3ff44001,rimary cpu clock
[    0.000000] kvm-clo: sing msrs 4b564d01 and 4b564d00
[    0.0000] kvm-clock: using sched offset of 4422775207 cycles
[    0.000000] clocksource: kvm-clock: mask: 0xffffffffffffffff max_cycles: 0x1cd42e4dffb, m_idle_n 88159591483 n
[  0.000000] Zonranges:[   .00000]   DA    mem 0x000000000000-0x0000000000ffffff]
    0.0000]   DMA32    [mem 0x0000000001000000-0x000000003ffeffff]
[    0.000000]   Normal   empty
[    0.000000]   Deice   empty
[    0.000000] Movable zone start for each node
[    0.000000] Early memory node ranges
[    0.000000]   node   0: [mem 0x0000000000001000-0x000000000009efff]
[    0.000000]   node   0: [mem 0x0000000000100000-0x000000003ffeffff]
[    0.000000] Reserved but unavailable: 114 pages
[    0.000000] Initmem setup node 0 [mem 0x0000000000001000-0x000000003ffeffff]
[    0.000000] ACPI: PM-Timer IO Port: 0x4008
[    0.000000] IOAPIC[0]: apic_id 2, version 32, address 0xfec00000, GSI 0-23
[    0.000000] ACPI: INT_SRC_OVR (bus 0 bus_irq  global_irq 2 dfdfl)
[    0.000] ACPI: INT_SRCVR (bus 0 b_irq 9 gbal_rq 9 l lvel)    0.000000] UsingCPI (MADT) fr MP cnfuration information[    0.000] smpboot: Allowing 2 CPUs, 0 hotplug CPUs
[    0.000000] M:Registered nosave memo: [mem 0x00000000-0x00000fff]
[    0.000000] PM: Registered nosave memory: [mem 0x0009f000-0x0009ffff]
[    0.000000] PM: Registered nosave memory: [mem 0x000a0000-0x000effff]
[    0.000000] PM: Registered nosave memory: [mem 0x000f0000-0x000fffff]
[    0.000000] e820: [mem 0x40000000-0xfebfffff] available for PCI devices
[    0.000000] Booting paravirtualized kernel on KVM
[   0.000000] clocksource: refined-jiffies mas 0xffffffff max_cycles: 0xffffffff, max_idle_ns: 7645519600211568 ns
[    0.000000] random: get_random_bytes called from start_kernel+0x99/0x4fd with crng_init=0
[    0.000000] setup_percpu: NR_CPUS:8192 nr_cpumask_bits:2 nr_cpu_ids:2 nr_node_ids:1
[    0.000000] percpu: Embedded 46 pages/cpu @      (ptrva) s151552 r8192 d28672 u1048576
[    0.000000] PV qspinlock hash table entries: 256 (order: 0, 4096 bytes)
[    0.000000] Built 1 zonelists, mobility grouping on.  Total pages: 257913
[    0.000000 Policy zon DA32
[  .000000] Kerelcommand line: BOOT_IMAGE=/boot/vmlinuz-4.15.0-51-generic root=UUID=3636f5d4-1dd0-4284-b5af-9b234b433392 roonsole=tty1 console=ttyS0
   0.000000] Memory: 983072K/1048120K available (12300K kernel code, 2473K rwdata, 4272K rodata, 2408K init, 2416K ss, 658K reserved, 0K cma-reserved)
[    0.000000] SLUB: HWalign=64, Order=0-3, MinObjects=0, CPUs=2, Nodes=1
[    0.000000] Kernel/User page tables isolation: enabled
[    0.000000] ftrace: allocating 39215 eries in 4 pages
[    0.004000] Hierarchical RCU imemention.
[    0.004000] 	RCU restricting CPUs from NR_CPUS=8192 to nr_cpu_ids=2.
[    0.004000] 	Tasks RCU enabled.
[    0.004000] RCU: Adjusting geometry for rcu_fanout_leaf=16, nr_cpu_ids=2
[    0.004000] NR_IRQS: 524544, nr_irqs: 440, preallocated irqs: 16
[    0.004000] Console: colour VGA+ 80x25
[    0.004000] console [tty1] enabled
[    0.004000] console [ttyS0] enabled
[    0.004000] ACPI: Core revision 20170831
[   0.004000] ACPI: 2ACPI AML tables successfully acquired and loaded
[    .04000] APIC: Switch to symmetric I/O mode setup
[    0.004359] x2apic enabled
[    0.008009] Switched APIC routing to physical x2apic.
[    0.012891] ..TIMER: vector=0x30 apic1=0 pin1=2 apic2=-1 pin2=-1
[    0.016006] tsc: Detected 2303.998 MHz processor
[    0.017376] Calibrating delay loop (skipped) preset value.. 4607.99 BogoMIPS (lpj=9215992)
[    0.020008] pid_max: default: 32768 minimum: 301
[    0.021333] Security Framework initialized
[    0.022481] Yama: becoming mindful.
[    0.024036] AppArmor: AppArmor initialized
[    0.028123] Dentry cache hash table entries: 131072 (order: 8, 1048576 bytes)
[    0.032064] Inode-cache hash table entries: 65536 (order: 7, 524288 bytes)
[    0.036027] Mount-cache hash table entries: 2048 (order: 2, 16384 bytes)
[    0.040014] Mountpoint-cache hash table entries: 2048 (order: 2, 16384 bytes)
[    0.044132] mce: CPU supports 0 MCE banks
[    0.045049] Last level iTLB entries: 4KB 64, 2MB 8, 4MB 8
[    0.046239] Last level dTLB entries: 4KB 64, 2MB 0, 4MB 0, 1GB 4
[    0.048007] Spectre V2 : Mitigation: Full generic retpoline
[    0.052001] Spectre V2 : Spectre v2 / SpectreRSB mitigation: Filling RSB on context switch
[    0.053918] Speculative Store Bypass: Vulnerable
[    0.056049] MDS: Vulnerable: Clear CPU buffers attempted, no microcode
[    0.057513] Freeing SMP alternatives memory: 36K
[    0.064000] smpboot: CPU0: Intel(R) Core(TM) i5-7360U CPU @ 2.30GHz (family: 0x6, model: 0x8e, stepping: 0x9)
[    0.064079] Performance Events: unsupported p6 CPU model 142 no PMU driver, software events only.
[    0.068064] Hierarchical SRCU implementation.
[    0.069971] NMI watchdog: Perf event create on CPU 0 failed with -2
[    0.072012] NMI watchdog: Perf NMI watchdog permanently disabled
[    0.076129] smp: Bringing up secondary CPUs ...
[    0.080105] x86: Booting SMP configuration:
[    0.084007] .... node  #0, CPUs:      #1
[    0.004000] kvm-clock: cpu 1, msr 0:3ff44041, secondary cpu clock
[    0.004000] mce: CPU supports 0 MCE banks
[    0.116028] smp: Brought up 1 node, 2 CPUs
[    0.120010] smpboot: Max logical packages: 1
[    0.124008] smpboot: Total of 2 processors activated (9215.99 BogoMIPS)
[    0.128355] devtmpfs: initialized
[    0.132065] x86/mm: Memory block size: 128MB
[    0.136151] evm: security.selinux
[    0.140011] evm: security.SMACK64
[    0.144002] evm: security.SMACK64EXEC
[    0.148010] evm: security.SMACK64TRANSMUTE
[    0.152005] evm: security.SMACK64MMAP
[    0.153088] evm: security.apparmor
[    0.156009] evm: security.ima
[    0.160005] evm: security.capability
[    0.164081] clocksource: jiffies: mask: 0xffffffff max_cycles: 0xffffffff, max_idle_ns: 7645041785100000 ns
[    0.168016] futex hash table entries: 512 (order: 3, 32768 bytes)
[    0.172033] pinctrl core: initialized pinctrl subsystem
[    0.176059] RTC time:  3:55:18, date: 06/16/19
[    0.180222] NET: Registered protocol family 16
[    0.184046] audit: initializing netlink subsys (disabled)
[    0.188049] audit: type=2000 audit(1560657318.619:1): state=initialized audit_enabled=0 res=1
[    0.228010] cpuidle: using governor ladder
[    0.232017] cpuidle: using governor menu
[    0.236055] ACPI: bus type PCI registered
[    0.240007] acpiphp: ACPI Hot Plug PCI Controller Driver version: 0.5
[    0.244123] PCI: Using configuration type 1 for base access
[    0.248832] HugeTLB registered 2.00 MiB page size, pre-allocated 0 pages
[    0.252082] ACPI: Added _OSI(Module Device)
[    0.256008] ACPI: Added _OSI(Processor Device)
[    0.257633] ACPI: Added _OSI(3.0 _SCP Extensions)
[    0.260006] ACPI: Added _OSI(Processor Aggregator Device)
[    0.264009] ACPI: Added _OSI(Linux-Dell-Video)
[    0.265312] ACPI: Added _OSI(Linux-Lenovo-NV-HDMI-Audio)
[    0.268010] ACPI: Added _OSI(Linux-HPI-Hybrid-Graphics)
[    0.276120] ACPI: Executed 1 blocks of module-level executable AML code
[    0.287669] ACPI: Interpreter enabled
[    0.288033] ACPI: (supports S0 S5)
[    0.292015] ACPI: Using IOAPIC for interrupt routing
[    0.296347] PCI: Using host bridge windows from ACPI; if necessary, use "pci=nocrs" and report a bug
[    0.300394] ACPI: Enabled 2 GPEs in block 00 to 07
[    0.313385] ACPI: PCI Root Bridge [PCI0] (domain 0000 [bus 00-ff])
[    0.316018] acpi PNP0A03:00: _OSC: OS supports [ASPM ClockPM Segments MSI]
[    0.320047] acpi PNP0A03:00: _OSC: not requesting OS control; OS requires [ExtendedConfig ASPM ClockPM MSI]
[    0.324016] acpi PNP0A03:00: fail to add MMCONFIG information, can't access extended PCI configuration space under this bridge.
[    0.327102] PCI host bridge to bus 0000:00
[    0.328005] pci_bus 0000:00: root bus resource [io  0x0000-0x0cf7 window]
[    0.332008] pci_bus 0000:00: root bus resource [io  0x0d00-0xffff window]
[    0.336008] pci_bus 0000:00: root bus resource [mem 0x000a0000-0x000bffff window]
[    0.337921] pci_bus 0000:00: root bus resource [mem 0x40000000-0xfdffffff window]
[    0.340005] pci_bus 0000:00: root bus resource [bus 00-ff]
[    0.346062] pci 0000:00:01.1: legacy IDE quirk: reg 0x10: [io  0x01f0-0x01f7]
[    0.347778] pci 0000:00:01.1: legacy IDE quirk: reg 0x14: [io  0x03f6]
[    0.348005] pci 0000:00:01.1: legacy IDE quirk: reg 0x18: [io  0x0170-0x0177]
[    0.350471] pci 0000:00:01.1: legacy IDE quirk: reg 0x1c: [io  0x0376]
[    0.376362] pci 0000:00:07.0: quirk: [io  0x4000-0x403f] claimed by PIIX4 ACPI
[    0.380032] pci 0000:00:07.0: quirk: [io  0x4100-0x410f] claimed by PIIX4 SMB
[    0.403568] ACPI: PCI Interrupt Link [LNKA] (IRQs 5 9 10 *11)
[    0.404318] ACPI: PCI Interrupt Link [LNKB] (IRQs 5 9 *10 11)
[    0.408170] ACPI: PCI Interrupt Link [LNKC] (IRQs 5 *9 10 11)
[    0.412164] ACPI: PCI Interrupt Link [LNKD] (IRQs 5 9 10 *11)
[    0.416472] SCSI subsystem initialized
[    0.420277] pci 0000:00:02.0: vgaarb: setting as boot VGA device
[    0.424000] pci 0000:00:02.0: vgaarb: VGA device added: decodes=io+mem,owns=io+mem,locks=none
[    0.424012] pci 0000:00:02.0: vgaarb: bridge control possible
[    0.428005] vgaarb: loaded
[    0.432058] ACPI: bus type USB registered
[    0.436040] usbcore: registered new interface driver usbfs
[    0.440021] usbcore: registered new interface driver hub
[    0.444097] usbcore: registered new device driver usb
[    0.448076] EDAC MC: Ver: 3.0.0
[    0.449244] PCI: Using ACPI for IRQ routing
[    0.452501] NetLabel: Initializing
[    0.453423] NetLabel:  domain hash size = 128
[    0.454453] NetLabel:  protocols = UNLABELED CIPSOv4 CALIPSO
[    0.456025] NetLabel:  unlabeled traffic allowed by default
[    0.460090] clocksource: Switched to clocksource kvm-clock
[    0.474585] VFS: Disk quotas dquot_6.6.0
[    0.476621] VFS: Dquot-cache hash table entries: 512 (order 0, 4096 bytes)
[    0.479644] AppArmor: AppArmor Filesystem Enabled
[    0.482503] pnp: PnP ACPI init
[    0.485082] pnp: PnP ACPI: found 3 devices
[   4912clckur: cpi_pm: mask: 0xffffff max_cycles: 0xffffff, max_idle_ns: 2085701024 ns
[    0.8153] T:egted protocol family 2

[    1.04644] TCP established hash table entries: 8192 rd: 4, 5536 bytes)
[    1.193018] TCP bi hash table entries: 8192 (order: 5, 131072 bytes)
[    1.239411] TCP: Hash tables configured (established 8192 bind 8192)
[    1.241184] UDP hash table entries: 5 (de 2164 tes)
[    1.516117] UDP-Lite hash table entries: 512 (order: 2, 16384 bytes)
[   .547 N: giered protocol famil1
[    1.8424] pci 0000:00:00.0: Limiting direct PCI/PCI transfers
[    1.894603] pci 0000:00:01.0: Activating ISA DMA hang workarounds
[    1.834 p 00::00:ideo dicwi sdod M  [m 000c0000-0x00ff
  2.26] paininras.
[    3.370918] Freeing initrd memory: 19512K
[    3.379149] clocksource: tsc: mask: 0xffffffffffffffff max_cycles: 0x2135f5e6f15, max_idle_ns: 440795231538 ns
[    3.387833] platform rtc_cmos: registered platform RTC device (no PNP device found)
[    3.390028] Scanning for low memory corruption every 60 seconds
[    3.431590] Initialise system trusted keyrings
[    3.461301] Key type blacklist registered
[    3.462840] workingset: timestamp_bits=36 max_order=18 bucket_order=0
[    3.499473] zbud: loaded
[    3.529042] squashfs: version 4.0 (2009/01/31) Phillip Lougher
[    3.536494] fuse init (API version 7.26)
[    3.557701] Key type asymmetric registered
[    3.558573] Asymmetric key parser 'x509' registered
[    3.559646] Block layer SCSI generic (bsg) driver version 0.4 loaded (major 246)
[    3.606486] io scheduler noop registered
[    3.642373] io scheduler deadline registered
[    3.643394] io scheduler cfq registered (default)
[    3.645188] ACPI: AC Adapter [AC] (off-line)
[    3.649086] input: Power Button as /devices/LNXSYSTM:00/LNXPWRBN:00/input/input0
[    3.651321] ACPI: Power Button [PWRF]
[    3.652590] input: Sleep Button as /devices/LNXSYSTM:00/LNXSLPBN:00/input/input1
[    3.654141] ACPI: Sleep Button [SLPF]
[    3.656724] ACPI: Battery Slot [BAT0] (battery present)
[    3.658098] Serial: 8250/16550 driver, 32 ports, IRQ sharing enabled
[    3.684266] 00:02: ttyS0 at I/O 0x3f8 (irq = 4, base_baud = 115200) is a 16550A
[    3.696762] Linux agpgart interface v0.103
[    3.709372] loop: module loaded
[    3.711926] scsi host0: ata_piix
[    3.717174] scsi host1: ata_piix
[    3.733148] ata1: PATA max UDMA/33 cmd 0x1f0 ctl 0x3f6 bmdma 0xd000 irq 14
[    3.758322] ata2: PATA max UDMA/33 cmd 0x170 ctl 0x376 bmdma 0xd008 irq 15
[    3.823554] libphy: Fixed MDIO Bus: probed
[    3.831263] tun: Universal TUN/TAP device driver, 1.6
[    3.832882] PPP generic driver version 2.4.2
[    3.850872] ehci_hcd: USB 2.0 'Enhanced' Host Controller (EHCI) Driver
[    3.858358] ehci-pci: EHCI PCI platform driver
[    3.859606] ehci-platform: EHCI generic platform driver
[    3.931589] ohci_hcd: USB 1.1 'Open' Host Controller (OHCI) Driver
[    3.951161] ohci-pci: OHCI PCI platform driver
[    3.998140] ohci-platform: OHCI generic platform driver
[    3.999602] uhci_hcd: USB Universal Host Controller Interface driver
[  40630] i82: PNP: PS/2 Cntroller [PNP0303:PS2K,PNP0f03:PS2M] at 0x60,0x64 irq 1,12
[    4.195418] serio: i8042BDoratx6,0x64 irq 1
[    4.426005] serio: i8042 AUX port at 0x60,0x64 irq 12
[    4.427699] mousedev: PS/2 mouse device common for all mice
[    4.435794] rtc_cmos rtc_cmos: rtc core: registered rtc_cmos as rtc0
[    4.497572] rtc_cmos rtc_cmos: alarms up to one day, 114 bytes nvram
[    4.552386] i2c /dev entries driver
[    4.570114] input: AT Translated Set 2 keyboard as /devices/platform/i8042/serio0/input/input2
[    4.572197] device-mapper: uevent: version 1.0.3
[    4.572263] device-mapper: ioctl: 4.37.0-ioctl (2017-09-20) initialised: dm-devel@redhat.com
[    4.666420] ledtrig-cpu: registered to indicate activity on CPUs
[    4.668529] NET: Registered protocol family 10
[    4.673966] Segment Routing with IPv6
[    4.675082] NET: Registered protocol family 17
[    4.676489] Key type dns_resolver registered
[    4.677875] RAS: Correctable Errors collector initialized.
[    4.679394] sched_clock: Marking stable (4677800273, 0)->(11052942194, -6375141921)
[    4.681981] registered taskstats version 1
[    4.682951] Loading compiled-in X.509 certificates
[    4.687474] Loaded X.509 cert 'Build time autogenerated kernel key: c1fa4cde9d34780ae4ae655b856adc042b663c06'
[    4.691507] zswap: loaded using pool lzo/zbud
[    4.701608] Key type big_key registered
[    4.704462] Key type trusted registered
[    4.711081] Key type encrypted registered
[    4.713137] AppArmor: AppArmor sha1 policy hashing enabled
[    4.715685] ima: No TPM chip found, activating TPM-bypass! (rc=-19)
[    4.718765] ima: Allocated hash algorithm: sha1
[    4.720776] evm: HMAC attrs: 0x1
[    4.722580]   Magic number: 7:408:917
[    4.724228] rtc_cmos rtc_cmos: setting system clock to 2019-06-16 03:55:23 UTC (1560657323)
[    4.728207] BIOS EDD facility v0.16 2004-Jun-25, 0 devices found
[    4.733151] EDD information not available.
[    4.740245] Freeing unused kernel image memory: 2408K
[    4.764259] Write protecting the kernel read-only data: 20480k
[    4.777561] Freeing unused kernel image memory: 2008K
[    4.795513] Freeing unused kernel image memory: 1872K
[    4.822379] x86/mm: Checked W+X mappings: passed, no W+X pages found.
[    4.828584] x86/mm: Checking user space page tables
[    4.843421] x86/mm: Checked W+X mappings: passed, no W+X pages found.
Loading, please wait...
starting version 237
[    4.907098] e1000: Intel(R) PRO/1000 Network Driver - version 7.3.21-k8-NAPI
[    4.908952] e1000: Copyright (c) 1999-2006 Intel Corporation.
[    4.913390] Fusion MPT base driver 3.04.20
[    4.914605] Copyright (c) 1999-2008 LSI Corporation
[    4.918967] Fusion MPT SPI Host driver 3.04.20
[    4.929027] AVX2 version of gcm_enc/dec engaged.
[    4.930373] AES CTR mode by8 optimization enabled
[    5.121162] input: ImExPS/2 Generic Explorer Mouse as /devices/platform/i8042/serio1/input/input4
[    5.335227] e1000 0000:00:03.0 eth0: (PCI:33MHz:32-bit) 02:89:59:7e:34:d3
[    5.394280] e1000 0000:00:03.0 eth0: Intel(R) PRO/1000 Network Connection
[    5.447007] mptbase: ioc0: Initiating bringup
[    5.565091] ioc0: LSI53C1030 A0: Capabilities={Initiator}
[    5.824709] scsi host2: ioc0: LSI53C1030 A0, FwRev=00000000h, Ports=1, MaxQ=256, IRQ=20
[    6.045583] scsi 2:0:0:0: Direct-Access     VBOX     HARDDISK         1.0  PQ: 0 ANSI: 5
[    6.084509] scsi target2:0:0: Beginning Domain Validation
[    6.157216] scsi target2:0:0: Domain Validation skipping write tests
[    6.158992] scsi target2:0:0: Ending Domain Validation
[    6.160376] scsi target2:0:0: asynchronous
[    6.161670] scsi 2:0:1:0: Direct-Access     VBOX     HARDDISK         1.0  PQ: 0 ANSI: 5
[    6.491678] scsi target2:0:1: Beginning Domain Validation
[    6.517842] random: fast init done
[    6.519087] scsi target2:0:1: Domain Validation skipping write tests
[    6.520603] scsi target2:0:1: Ending Domain Validation
[    6.527476] scsi target2:0:1: asynchronous
[    6.531042] e1000 0000:00:08.0 eth1: (PCI:33MHz:32-bit) 08:00:27:28:aa:e7
[    6.531045] random: systemd-udevd: uninitialized urandom read (16 bytes read)
[    6.531064] random: systemd-udevd: uninitialized urandom read (16 bytes read)
[    6.531068] random: systemd-udevd: uninitialized urandom read (16 bytes read)
[    6.533177] sd 2:0:0:0: Attached scsi generic sg0 type 0
[    6.533590] sd 2:0:1:0: Attached scsi generic sg1 type 0
[    6.533975] sd 2:0:0:0: [sda] 20971520 512-byte logical blocks: (10.7 GB/10.0 GiB)
[    6.534097] sd 2:0:0:0: [sda] Write Protect is off
[    6.534467] sd 2:0:0:0: [sda] Incomplete mode parameter data
[    6.534468] sd 2:0:0:0: [sda] Assuming drive cache: write through
[    6.536860]  sda: sda1
[    6.537999] sd 2:0:0:0: [sda] Attached SCSI disk
[    6.538256] sd 2:0:1:0: [sdb] 20480 512-byte logical blocks: (10.5 MB/10.0 MiB)
[    6.538338] sd 2:0:1:0: [sdb] Write Protect is off
[    6.538449] sd 2:0:1:0: [sdb] Incomplete mode parameter data
[    6.538449] sd 2:0:1:0: [sdb] Assuming drive cache: write through
[    6.540504] sd 2:0:1:0: [sdb] Attached SCSI disk
[    6.848754] e1000 0000:00:08.0 eth1: Intel(R) PRO/1000 Network Connection
[    6.907151] e1000 0000:00:03.0 enp0s3: renamed from eth0
[    6.924635] e1000 0000:00:08.0 enp0s8: renamed from eth1
Begin: Loading essential drivers ... [    8.356219] raid6: sse2x1   gen() 11459 MB/s
[    8.420560] raid6: sse2x1   xor()  8402 MB/s
[    8.472099] raid6: sse2x2   gen() 13378 MB/s
[    8.532085] raid6: sse2x2   xor()  8880 MB/s
[    8.620123] raid6: sse2x4   gen() 11934 MB/s
[    8.692460] raid6: sse2x4   xor()  9697 MB/s
[    8.740456] raid6: avx2x1   gen() 19952 MB/s
[    8.792589] raid6: avx2x1   xor() 13710 MB/s
[    8.844182] raid6: avx2x2   gen() 20635 MB/s
[    8.892028] raid6: avx2x2   xor() 14793 MB/s
[    8.940242] raid6: avx2x4   gen() 31878 MB/s
[    8.992575] raid6: avx2x4   xor() 19403 MB/s
[    8.999131] raid6: using algorithm avx2x4 gen() 31878 MB/s
[    9.000656] raid6: .... xor() 19403 MB/s, rmw enabled
[    9.002586] raid6: using avx2x2 recovery algorithm
[    9.005775] xor: automatically using best checksumming function   avx       
[    9.018174] async_tx: api initialized (async)
done.
Begin: Running /scripts/init-premount ... done.
Begin: Mounting root file system ... Begin: Running /scripts/local-top ... done.
Begin: Running /scripts/local-premount ... [    9.076694] Btrfs loaded, crc32c=crc32c-intel
Scanning for Btrfs filesystems
done.
Warning: fsck not present, so skipping root file system
[    9.126345] EXT4-fs (sda1): mounted filesystem with ordered data mode. Opts: (null)
done.
Begin: Running /scripts/local-bottom ... done.
Begin: Running /scripts/init-bottom ... done.
[    9.407121] ip_tables: (C) 2000-2006 Netfilter Core Team
[    9.452507] systemd[1]: systemd 237 running in system mode. (+PAM +AUDIT +SELINUX +IMA +APPARMOR +SMACK +SYSVINIT +UTMP +LIBCRYPTSETUP +GCRYPT +GNUTLS +ACL +XZ +LZ4 +SECCOMP +BLKID +ELFUTILS +KMOD -IDN2 +IDN -PCRE2 default-hierarchy=hybrid)
[    9.531706] systemd[1]: Detected virtualization oracle.
[    9.533259] systemd[1]: Detected architecture x86-64.

Welcome to [1mUbuntu 18.04.2 LTS[0m!

[    9.545660] systemd[1]: Set hostname to <ubuntu-bionic>.
[    9.879933] systemd[1]: Reached target User and Group Name Lookups.
[[0;32m  OK  [0m] Reached target User and Group Name Lookups.
[    9.897084] systemd[1]: Set up automount Arbitrary Executable File Formats File System Automount Point.
[[0;32m  OK  [0m] Set up automount Arbitrary Executabâ€¦rmats File System Automount Point.
[    9.996481] systemd[1]: Created slice System Slice.
[[0;32m  OK  [0m] Created slice System Slice.
[   10.014317] systemd[1]: Created slice system-serial\x2dgetty.slice.
[[0;32m  OK  [0m] Created slice system-serial\x2dgetty.slice.
[   10.084623] systemd[1]: Created slice User and Session Slice.
[[0;32m  OK  [0m] Created slice User and Session Slice.
[   10.106726] systemd[1]: Listening on Journal Socket (/dev/log).
[[0;32m  OK  [0m] Listening on Journal Socket (/dev/log).
[[0;32m  OK  [0m] Listening on Syslog Socket.
[[0;32m  OK  [0m] Reached target Slices.
[[0;32m  OK  [0m] Listening on Journal Audit Socket.
[[0;32m  OK  [0m] Listening on Journal Socket.
         Mounting Huge Pages File System...
         Starting Load Kernel Modules...
         Starting Create list of required[   10.268372] Loading iSCSI transport class v2.0-870.
 stâ€¦ce nodes for the current kernel...
         Mounting Kernel [   10.328689] iscsi: registered transport (tcp)
Debug File System...
         Starting Uncomplicated firewall...
[[0;32m  OK  [0m] Started Forward Password Requests to Wall Directory Watch.
[[0;32m  OK  [0m] Listening on Device-mapper ev[   10.391617] iscsi: registered transport (iser)
ent daemon FIFOs.
         Starting Journal Service...
         Starting Remount Root and Kernel File Systems...
[[0;32m  OK  [0m] Listening on Network Service Netlink Socket.
         Mounting POSIX Message Queue File System...
[[0;32m  OK  [0m] Reached target Swap.
[[0;32m  OK  [0m] Reached target System Time Synchronized.
[[0;32m  OK  [0m] Listening on udev Control Socket.
[[0;32m  OK  [0m] Listening on LVM2 poll daemon socket.
[   10.463168] EXT4-fs (sda1): re-mounted. Opts: (null)
[[0;32m  OK  [0m] Listening on LVM2 metadata daemon socket.
         Starting Monitoring of LVM2 mirrorsâ€¦ng dmeventd or progress polling...
[[0;32m  OK  [0m] Listening on udev Kernel Socket.
         Starting udev Coldplug all Devices...
         Starting Set the console keyboard layout...
[[0;32m  OK  [0m] Listening on /dev/initctl Compatibility Named Pipe.
[[0;32m  OK  [0m] Started Journal Service.
[[0;32m  OK  [0m] Mounted Huge Pages File System.
[[0;32m  OK  [0m] Started Load Kernel Modules.
[[0;32m  OK  [0m] Started Create list of required staâ€¦vice nodes for the current kernel.
[[0;32m  OK  [0m] Mounted Kernel Debug File System.
[[0;32m  OK  [0m] Started Uncomplicated firewall.
[[0;32m  OK  [0m] Started Remount Root and Kernel File Systems.
[[0;32m  OK  [0m] Mounted POSIX Message Queue File System.
[[0;32m  OK  [0m] Started LVM2 metadata daemon.
         Starting Load/Save Random Seed...
         Starting Create Static Device Nodes in /dev...
         Mounting FUSE Control File System...
         Starting Apply Kernel Variables...
         Mounting Kernel Configuration File System...
         Starting Flush Journal to Persistent Storage...
[[0;32m  OK  [[   10.804460] random: crng init done
0m] Started udev[   10.814777] random: 7 urandom warning(s) missed due to ratelimiting
 Coldplug all Devices.
[[0;32m  OK  [0m] Started Load/Save Random Seed.
[[0;32m  OK  [0m] Started Monitoring of LVM2 mirrors,â€¦sing dmeventd or progress polling.
[[0;32m  OK  [0m] Mounted FUSE Control File System.
[[0;32m  OK  [0m] Started Create Static Device Nodes in /dev.
[[0;32m  OK  [0m] Mounted Kernel Configuration File System.
         Starting udev Kernel Device Manager...
[[0;32m  OK  [0m] Started Apply Kernel Variables.
[[0;32m  OK  [0m] Started udev Kernel Device Manager.
[[0;32m  OK  [0m] Started Flush Journal to Persistent Storage.
[[0;32m  OK  [0m] Found device /dev/ttyS0.
[[0;32m  OK  [0m] Listening on Load/Save RF Kill Switch Status /dev/rfkill Watch.
[[0;32m  OK  [0m] Started Set the console keyboard layout.
[[0;32m  OK  [0m] Reached target Local File Systems (Pre).
[[0;32m  OK  [0m] Reached target Local File Systems.
         Starting Create Volatile Files and Directories...
         Starting ebtables ruleset management...
         Starting Set console font and keymap...
         Starting AppArmor initialization...
         Starting Tell Plymouth To Write Out Runtime Data...
[[0;32m  OK  [0m] Started Dispatch Password Requests to Console Directory Watch.
[[0;32m  OK  [0m] Reached target Local Encrypted Volumes.
[[0;32m  OK  [0m] Started Create Volatile Files and Directories.
         Starting Update UTMP about System Boot/Shutdown...
[[0;32m  OK  [0m] Started Set console font and keymap.
[[0;32m  OK  [0m] Started Tell Plymouth To Write Out Runtime Data.
[[0;32m  OK  [0m] Started Update UTMP about System Boot/Shutdown.
[[0;32m  OK  [0m] Started ebtables ruleset management.
[[0;32m  OK  [0m] Started AppArmor initialization.
         Starting Initial cloud-init job (pre-networking)...
[   13.384027] cloud-init[649]: Cloud-init v. 19.1-1-gbaa47854-0ubuntu1~18.04.1 running 'init-local' at Sun, 16 Jun 2019 03:55:31 +0000. Up 13.14 seconds.
[[0;32m  OK  [0m] Started Initial cloud-init job (pre-networking).
[[0;32m  OK  [0m] Reached target Network (Pre).
         Starting Network Service...
[[0;32m  OK  [0m] Started Network Service.
         Starting Network Name Resolution...
         Starting Wait for Network to be Configured...
[[0;32m  OK  [0m] Started Network Name Resolution.
[[0;32m  OK  [0m] Reached target Host and Network Name Lookups.
[[0;32m  OK  [0m] Reached target Network.
[[0;32m  OK  [0m] Started Wait for Network to be Configured.
         Starting Initial cloud-init job (metadata service crawler)...
[   15.892650] cloud-init[763]: Cloud-init v. 19.1-1-gbaa47854-0ubuntu1~18.04.1 running 'init' at Sun, 16 Jun 2019 03:55:34 +0000. Up 15.75 seconds.
[   15.906624] cloud-init[763]: ci-info: ++++++++++++++++++++++++++++++++++++++Net device info+++++++++++++++++++++++++++++++++++++++
[   15.929867] cloud-init[763]: ci-info: +--------+------+-----------------------------+---------------+--------+-------------------+
[   15.934942] cloud-init[763]: ci-info: | Device |  Up  |           Address           |      Mask     | Scope  |     Hw-Address    |
[   15.953664] cloud-init[763]: ci-info: +--------+------+-----------------------------+---------------+--------+-------------------+
[   15.971263] cloud-init[763]: ci-info: | enp0s3 | True |          10.0.2.15          | 255.255.255.0 | global | 02:89:59:7e:34:d3 |
[   15.989553] cloud-init[763]: ci-info: | enp0s3 | True |  fe80::89:59ff:fe7e:34d3/64 |       .       |  link  | 02:89:59:7e:34:d3 |
[   16.020427] cloud-init[763]: ci-info: | enp0s8 | True |        192.168.33.10        | 255.255.255.0 | global | 08:00:27:28:aa:e7 |
[   16.046499] cloud-init[763]: ci-info: | enp0s8 | True | fe80::a00:27ff:fe28:aae7/64 |       .       |  link  | 08:00:27:28:aa:e7 |
[   16.081184] cloud-init[763]: ci-info: |   lo   | True |          127.0.0.1          |   255.0.0.0   |  host  |         .         |
[   16.108261] cloud-init[763]: ci-info: |   lo   | True |           ::1/128           |       .       |  host  |         .         |
[   16.130960] cloud-init[763]: ci-info: +--------+------+-----------------------------+---------------+--------+-------------------+
[   16.134719] cloud-init[763]: ci-info: +++++++++++++++++++++++++++++Route IPv4 info+++++++++++++++++++++++++++++
[   16.140069] cloud-init[763]: ci-info: +-------+--------------+----------+-----------------+-----------+-------+
[   16.150546] cloud-init[763]: ci-info: | Route | Destination  | Gateway  |     Genmask     | Interface | Flags |
[   16.153802] cloud-init[763]: ci-info: +-------+--------------+----------+-----------------+-----------+-------+
[   16.157917] cloud-init[763]: ci-info: |   0   |   0.0.0.0    | 10.0.2.2 |     0.0.0.0     |   enp0s3  |   UG  |
[   16.170967] cloud-init[763]: ci-info: |   1   |   10.0.2.0   | 0.0.0.0  |  255.255.255.0  |   enp0s3  |   U   |
[   16.180090] cloud-init[763]: ci-info: |   2   |   10.0.2.2   | 0.0.0.0  | 255.255.255.255 |   enp0s3  |   UH  |
[   16.182634] cloud-init[763]: ci-info: |   3   | 192.168.33.0 | 0.0.0.0  |  255.255.255.0  |   enp0s8  |   U   |
[[0;32m  OK  [0m] Started Initial cloud-init job (metadata service crawler).
[   16.216972] cloud-init[763]: ci-info: +-------+--------------+----------+-----------------+-----------+-------+
[[0;32m  OK  [0m] Reached target Network is Online.
[   16.248983] cloud-init[763]: ci-info: +++++++++++++++++++Route IPv6 info+++++++++++++++++++
         Starting Availability of block devices...
[   16.293750] [[0;32m  OK  [0m] Reached target Remote File Systems (Pre).
cloud-init[763]: ci-info: +-------+-------------+---------+-----------+-------+
[[0;32m  OK  [0m] Reached target Remote File Systems.
[   16.329479] cloud-init[763]: ci-info: | Route | Destination | Gateway | Interface | Flags |
[[0;32m  OK  [0m] Reached target Cloud-config availability.
[   16.343044] [[0;32m  OK  [0m] Reached target System Initialization.
cloud-init[763]: ci-info: +-------+-------------+---------+-----------+-------+
[[0;32m  OK  [0m] Started ACPI Events Check.
[   16.478613] cloud-init[763]: ci-info: |   1   |  fe80::/64  |    ::   |   enp0s3  |   U   |
[[0;32m  OK  [0m] Reached target Paths.
[   16.507258] [[0;32m  OK  [0m] Listening on UUID daemon activation socket.
         Starting Socket activation for snappy daemon.
[[0;32m  OK  [0m] Started Message of the Day.
[[0;32m  OK  [0m] Started Daily Cleanup of Temporary Directories.
[[0;32m  OK  [0m] Started Daily apt download activities.
[[0;32m  OK  [0m] Started Daily apt upgrade and clean activities.
cloud-init[763]: ci-info: |   2   |  fe80::/64  |    ::   |   enp0s8  |   U   |
         Starting LXD - unix socket.
[   16.526029] [[0;32m  OK  [0m] Started Discard unused blocks once a week.
[[0;32m  OK  [0m] Reached target Timers.
[[0;32m  OK  [0m] Listening on Open-iSCSI iscsid Socket.
[[0;32m  OK  [0m] Listening on D-Bus System Message Bus Socket.cloud-init
[763]: ci-info: |   4   |    local    |    ::   |   enp0s3  |   U   |
[[0;32m  OK  [0m] Listening on ACPID Listen Socket.
[   16.534493] cloud-init[763]: ci-info: |   5   |    local    |    ::   |   enp0s8  |   U   |
[[0;32m  OK  [0m] Started Availability of block devices.
[[0;32m  OK  [0m] Listening on Socket activation for snappy daemon.
[   16.561097] [[0;32m  OK  [0mcloud-init] [763]: Listening on LXD - unix socket.ci-info: |   6   |   ff00::/8  |    ::   |   enp0s3  |   U   |

[[0;32m  OK  [0m] Reached target Sockets.
[   16.694843] cloud-init[763]: ci-info: |   7   |   ff00::/8  |    ::   |   enp0s8  |   U   |
[[0;32m  OK  [0m] Reached target Basic System.
[   16.765905] cloud-init[763]: ci-info: +-------+-------------+---------+-----------+-------+
         Starting Login Service...
[[0;32m  OK  [0m] Started D-Bus System Message Bus.
[[0;32m  OK  [0m] Started Login Service.
         Starting LSB: Record successful boot for GRUB...
[[0;32m  OK  [0m] Started Unattended Upgrades Shutdown.
[[0;32m  OK  [0m] Started Regular background program processing daemon.
[[0;32m  OK  [0m] Started irqbalance daemon.
[[0;32m  OK  [0m] Started Deferred execution scheduler.
         Starting Permit User Sessions...
         Starting System Logging Service...
         Starting vboxadd.service...
         Starting OpenBSD Secure Shell server...
         Starting Dispatcher daemon for systemd-networkd...
         Starting LXD - container startup/shutdown...
[[0;32m  OK  [0m] Started FUSE filesystem for LXC.
         Starting LSB: automatic crash report generation...
         Starting Accounts Service...
         Starting Snappy daemon...
[[0;32m  OK  [0m] Started System Logging Service.
[[0;32m  OK  [0m] Started Permit User Sessions.
[[0;32m  OK  [0m] Started OpenBSD Secure Shell server.
         Starting Authorization Manager...
         Starting Hold until boot process finishes up...
         Starting Terminate Plymouth Boot Screen...
[[0;32m  OK  [0m] Started Hold until boot process finishes up.
[[0;32m  OK  [0m] Started Terminate Plymouth Boot Screen.
[[0;32m  OK  [0m] Started Serial Getty on ttyS0.
         Starting Set console scheme...
[[0;32m  OK  [0m] Started LXD - container startup/shutdown.
[[0;32m  OK  [0m] Started Authorization Manager.
[[0;32m  OK  [0m] Started Accounts Service.
[[0;32m  OK  [0m] Started Set console scheme.
[[0;32m  OK  [0m] Created slice system-getty.slice.
[[0;32m  OK  [0m] Started Getty on tty1.
[[0;32m  OK  [0m] Reached target Login Prompts.
[[0;32m  OK  [0m] Started Dispatcher daemon for systemd-networkd.
[[0;32m  OK  [0m] Started LSB: Record successful boot for GRUB.
[[0;32m  OK  [0m] Started LSB: automatic crash report generation.
[[0;32m  OK  [0m] Started vboxadd.service.
[[0;32m  OK  [0m] Started Snappy daemon.
         Starting Wait until snapd is fully seeded...
         Starting vboxadd-service.service...
[[0;32m  OK  [0m] Started Wait until snapd is fully seeded.
         Starting Apply the settings specified in cloud-config...
[[0;32m  OK  [0m] Started vboxadd-service.service.
[[0;32m  OK  [0m] Reached target Multi-User System.
[[0;32m  OK  [0m] Reached target Graphical Interface.
         Starting Update UTMP about System Runlevel Changes...
[[0;32m  OK  [0m] Started Update UTMP about System Runlevel Changes.
[   18.444623] cloud-init[1218]: Cloud-init v. 19.1-1-gbaa47854-0ubuntu1~18.04.1 running 'modules:config' at Sun, 16 Jun 2019 03:55:36 +0000. Up 18.20 seconds.
[[0;32m  OK  [0m] Started Apply the settings specified in cloud-config.
         Starting Execute cloud user/final scripts...
[   18.970794] cloud-init[1275]: Cloud-init v. 19.1-1-gbaa47854-0ubuntu1~18.04.1 running 'modules:final' at Sun, 16 Jun 2019 03:55:37 +0000. Up 18.87 seconds.
[   18.976566] cloud-init[1275]: Cloud-init v. 19.1-1-gbaa47854-0ubuntu1~18.04.1 finished at Sun, 16 Jun 2019 03:55:37 +0000. Datasource DataSourceNoCloud [seed=/dev/sdb][dsmode=net].  Up 18.96 seconds
[[0;32m  OK  [0m] Started Execute cloud user/final scripts.
[[0;32m  OK  [0m] Reached target Cloud-init target.

Ubuntu 18.04.2 LTS ubuntu-bionic ttyS0

ubuntu-bionic login: 