[    0.000000] Linux version 4.15.0-51-generic (buildd@lgw01-amd64-059) (gcc version 7.3.0 (Ubuntu 7.3.0-16ubuntu3)) #55-Ubuntu SMP Wed May 15 14:27:21 UTC 2019 (Ubuntu 4.15.0-51.55-generic 4.15.18)
[    0.000000] Command line: BOOT_IMAGE=/boot/vmlinuz-4.15.0-51-generic root=UUID=7a00e701-8215-4f9e-b475-33368689fc67 ro console=tty1 console=ttyS0
[    0.000000] KERNEL supported cpus:
[    0.000000]   Intel GenuineIntel
[    0.000000]   AMD AuthenticAMD
[    0.000000]   Centaur CentaurHauls
[    0.000000] x86/fpu: Supporting XSAVE feature 0x001: 'x87 floating point registers'
[    0.000000] x86/fpu: Supporting XSAVE feature 0x002: 'SSE registers'
[    0.000000] x86/fpu: Supporting XSAVE feature 0x004: 'AVX registers'
[    0.000000] x86/fpu: xstate_offset[2]:  576, xstate_sizes[2]:  256
[    0.000000] x86/fpu: Enabled xstate features 0x7, context size is 832 bytes, using 'standard' format.
[    0.000000] e820: BIOS-provided physical RAM map:
[    0.000000] BIOS-e820: [mem 0x0000000000000000-0x000000000009fbff] usable
[    0.000000] BIOS-e820: [mem 0x000000000009fc00-0x000000000009ffff] reserved
[    0.000000] BIOS-e820: [mem 0x00000000000f0000-0x00000000000fffff] reserved
[    0.000000] BIOS-e820: [mem 0x0000000000100000-0x000000003ffeffff] usable
[    0.000000] BIOS-e820: [mem 0x000000003fff0000-0x000000003fffffff] ACPI data
[    0.000000] BIOS-e820: [mem 0x00000000fec00000-0x00000000fec00fff] reserved
[    0.000000] BIOS-e820: [mem 0x00000000fee00000-0x00000000fee00fff] reserved
[    0.000000] BIOS-e820: [mem 0x00000000fffc0000-0x00000000ffffffff] reserved
[    0.000000] NX (Execute Disable) protection: active
[    0.000000] SMBIOS 2.5 present.
[    0.000000] DMI: innotek GmbH VirtualBox/VirtualBox, BIOS VirtualBox 12/01/2006
[    0.000000] Hypervisor detected: KVM
[    0.000000] e820: last_pfn = 0x3fff0 max_arch_pfn = 0x400000000
[    0.000000] MTRR: Disabled
[    0.000000] x86/PAT: MTRRs disabled, skipping PAT initialization too.
[    0.000000] CPU MTRRs all blank - virtualized system.
[    0.000000] x86/PAT: Configuration [0-7]: WB  WT  UC- UC  WB  WT  UC- UC  
[    0.000000] found SMP MP-table at [mem 0x0009fff0-0x0009ffff] mapped at [        (ptrval)]
[    0.000000] Scanning 1 areas for low memory corruption
[    0.000000] RAMDISK: [mem 0x359d3000-0x36ce0fff]
[    0.000000] ACPI: Early table checksum verification disabled
[    0.000000] ACPI: RSDP 0x00000000000E0000 000024 (v02 VBOX  )
[    0.000000] ACPI: XSDT 0x000000003FFF0030 00003C (v01 VBOX   VBOXXSDT 00000001 ASL  00000061)
[    0.000000] ACPI: FACP 0x000000003FFF00F0 0000F4 (v04 VBOX   VBOXFACP 00000001 ASL  00000061)
[    0.000000] ACPI: DSDT 0x000000003FFF0470 0021FF (v02 VBOX   VBOXBIOS 00000002 INTL 20100528)
[    0.000000] ACPI: FACS 0x000000003FFF0200 000040
[    0.000000] ACPI: FACS 0x000000003FFF0200 000040
[    0.000000] ACPI: APIC 0x000000003FFF0240 00005C (v02 VBOX   VBOXAPIC 00000001 ASL  00000061)
[    0.000000] ACPI: SSDT 0x000000003FFF02A0 0001CC (v01 VBOX   VBOXCPUT 00000002 INTL 20100528)
[    0.000000] No NUMA configuration found
[    0.000000] Faking a node at [mem 0x0000000000000000-0x000000003ffeffff]
[    0.000000] NODE_DATA(0) allocated [mem 0x3ffc5000-0x3ffeffff]
[    0.000000] kvm-clock: cpu 0, msr 0:3ff44001, primary cpu clock
[    0.000000] kvm-clock: Using msrs 4b564d01 and 4b564d00
[    0.000000] kvm-clock: using sched offset of 10133279123 cycles
[    0.000000] clocksource: kvm-clock: mask: 0xffffffffffffffff max_cycles: 0x1cd42e4dffb, max_idle_ns: 881590591483 ns
[    0.000000] Zone ranges:
[    0.000000]   DMA      [mem 0x0000000000001000-0x0000000000ffffff]
[    0.000000]   DMA32    [mem 0x0000000001000000-0x000000003ffeffff]
[    0.000000]   Normal   empty
[    0.000000]   Device   empty
[    0.000000] Movable zone start for each node
[    0.000000] Early memory node ranges
[    0.000000]   node   0: [mem 0x0000000000001000-0x000000000009efff]
[    0.000000]   node   0: [mem 0x0000000000100000-0x000000003ffeffff]
[    0.000000] Reserved but unavailable: 114 pages
[    0.000000] Initmem setup node 0 [mem 0x0000000000001000-0x000000003ffeffff]
[    0.000000] ACPI: PM-Timer IO Port: 0x4008
[    0.000000] IOAPIC[0]: apic_id 2, version 32, address 0xfec00000, GSI 0-23
[    0.000000] ACPI: INT_SRC_OVR (bus 0 bus_irq 0 global_irq 2 dfl dfl)
[    0.000000] ACPI: INT_SRC_OVR (bus 0 bus_irq 9 global_irq 9 low level)
[    0.000000] Using ACPI (MADT) for SMP configuration information
[    0.000000] smpboot: Allowing 2 CPUs, 0 hotplug CPUs
[    0.000000] PM: Registered nosave memory: [mem 0x00000000-0x00000fff]
[    0.000000] PM: Registered nosave memory: [mem 0x0009f000-0x0009ffff]
[    0.000000] PM: Registered nosave memory: [mem 0x000a0000-0x000effff]
[    0.000000] PM: Registered nosave memory: [mem 0x000f0000-0x000fffff]
[    0.000000] e820: [mem 0x40000000-0xfebfffff] available for PCI devices
[    0.000000] Booting paravirtualized kernel on KVM
[    0.000000] clocksource: refined-jiffies: mask: 0xffffffff max_cycles: 0xffffffff, max_idle_ns: 7645519600211568 ns
[    0.000000] random: get_random_bytes called from start_kernel+0x99/0x4fd with crng_init=0
[    0.000000]setup_percpu: NR_CPUS:8192 nr_cpumask_bitss:2 nr_cpu_ids:2 nr_node_ids:1
[    0.000000] percpu: Embedded 46 pages/cpu @        (ptrval) s151552 r8192 d28672 u1048576
[    0.000000] PV qspinlock hash table entries: 256 (order: 0, 4096 bytes)
[    0.000000] Built 1 zonelists, mobility grouping on.  Total pages: 257913
[    0.000000] Policy zone: DMA32
[    0.000000] Kernel command line: BOOT_IMAGE=/boot/vmlinuz-4.15.0-51-generic root=UUID=7a00e701-8215-4f9e-b475-33368689fc67 ro console=tty1 console=ttyS0
[    0.000000] Memory: 983072K/104810K available (12300K kernel code, 2473K rwdata, 4272K rodata, 2408K init, 2416K bss, 65048K reserved, 0K cma-reserved)
[    0.000000] SLUB: HWalign=64, Order=0-3, MinObjects=0, CPUs=2, Nodes=1
[    0.000000] Kernel/User page tables isolation: enabled
[    0.000000] ftrace: allocating 39215 entries in 154 pages
[    0.004000] Hierarchical RCU implementation.
[    0.004000] 	RCU restricting CPUs from NR_CPUS=8192 to nr_cpu_ids=2.
[    0.004000] 	Tasks RCU enabled.
[    0.004000] RCU: Adjusting geometry for rcu_fanout_leaf=16, nr_cpu_ids=2
[    0.004000] NR_IRQS: 524544, nr_irqs: 440, preallocated irqs: 16
[    0.004000] Console: colour VGA+ 80x25
[    0.004000] console [tty1] enabled
[    0.004000] console [ttyS0] enabled
[    0.004000] ACPI: Core revision 20170831
    0.004000] ACPI: 2 ACPI AML tables successfully acquired and loaded
[    0.004000] APIC: Switch to symmetric I/O mode setup
[    0.004428] x2apic enabled
[    0.008006] Switched APIC routing to physical x2apic.
[    0.013176] ..TIMER: vector=0x30 apic1=0 pin1=2 apic2=-1 pin2=-1
[    0.016004] tsc: Detected 1599.999 MHz processor
[    0.017686] Calibrating delay loop (skipped) preset value.. 3199.99 BogoMIPS (lpj=6399996)
[    0.020003] pid_max: default: 32768 minimum: 301
[    0.024042] Security Framework initialized
[    0.025674] Yama: becoming mindful.
[    0.027005] AppArmor: AppArmor initialized
[    0.030617] Dentry cache hash table entries: 131072 (order: 8, 1048576 bytes)
[    0.032086] Inode-cache hash table entries: 65536 (order: 7, 524288 bytes)
[    0.036025] Mount-cache hash table entries: 2048 (order: 2, 16384 bytes)
[    0.040009] Mountpoint-cache hash table entries: 2048 (order: 2, 16384 bytes)
[    0.043227] mce: CPU supports 0 MCE banks
[    0.044021] Last level iTLB entries: 4KB 64, 2MB 8, 4MB 8
[    0.048005] Last level dTLB entries: 4KB 64, 2MB 0, 4MB 0, 1GB 4
[    0.050199] Spectre V2 : Mitigation: Full generic retpoline
[    0.052004] Spectre V2 : Spectre v2 / SpectreRSB mitigation: Filling RSB on context switch
[    0.056002] Speculative Store Bypass: Vulnerable
[    0.058209] MDS: Vulnerable: Clear CPU buffers attempted, no microcode
[    0.060101] Freeing SMP alternatives memory: 36K
[    0.068000] smpboot: CPU0: Intel(R) Core(TM) i5-5250U CPU @ 1.60GHz (family: 0x6, model: 0x3d, stepping: 0x4)
[    0.068099] Performance Events: unsupported p6 CPU model 61 no PMU driver, software events only.
[    0.072042] Hierarchical SRCU implementation.
[    0.076698] NMI watchdog: Perf event create on CPU 0 failed with -2
[    0.078957] NMI watchdog: Perf NMI watchdog permanently disabled
[    0.080055] smp: Bringing up secondary CPUs ...
[    0.081814] x86: Booting SMP configuration:
[    0.084003] .... node  #0, CPUs:      #1
[    0.004000] kvm-clock: cpu 1, msr 0:3ff44041, secondary cpu clock
[    0.004000] mce: CPU supports 0 MCE banks
[    0.092031] smp: Brought up 1 node, 2 CPUs
[    0.096008] smpboot: Max logical packages: 1
[    0.100006] smpboot: Total of 2 processors activated (6399.99 BogoMIPS)
[    0.104161] devtmpfs: initialized
[    0.108070] x86/mm: Memory block size: 128MB
[    0.112175] evm: security.selinux
[    0.116005] evm: security.SMACK64
[    0.117356] evm: security.SMACK64EXEC
[    0.118737] evm: security.SMACK64TRANSMUTE
[    0.120004] evm: security.SMACK64MMAP
[    0.121417] evm: security.apparmor
[    0.122704] evm: security.ima
[    0.124003] evm: security.capability
[    0.125520] clocksource: jiffies: mask: 0xffffffff max_cycles: 0xffffffff, max_idle_ns: 7645041785100000 ns
[    0.128011] futex hash table entries: 512 (order: 3, 32768 bytes)
[    0.132067] pinctrl core: initialized pinctrl subsystem
[    0.136158] RTC time: 16:09:39, date: 06/09/19
[    0.140232] NET: Registered protocol family 16
[    0.144097] audit: initializing netlink subsys (disabled)
[    0.148013] audit: type=2000 audit(1560096591.415:1): state=initialized audit_enabled=0 res=1
[    0.148213] cpuidle: using governor ladder
[    0.152011] cpuidle: using governor menu
[    0.153521] ACPI: bus type PCI registered
[    0.156003] acpiphp: ACPI Hot Plug PCI Controller Driver version: 0.5
[    0.158542] PCI: Using configuration type 1 for base access
[    0.161166] HugeTLB registered 2.00 MiB page size, pre-allocated 0 pages
[    0.164095] ACPI: Added _OSI(Module Device)
[    0.165662] ACPI: Added _OSI(Processor Device)
[    0.168007] ACPI: Added _OSI(3.0 _SCP Extensions)
[    0.169921] ACPI: Added _OSI(Processor Aggregator Device)
[    0.172005] ACPI: Added _OSI(Linux-Dell-Video)
[    0.173690] ACPI: Added _OSI(Linux-Lenovo-NV-HDMI-Audio)
[    0.176006] ACPI: Added _OSI(Linux-HPI-Hybrid-Graphics)
[    0.180609] ACPI: Executed 1 blocks of module-level executable AML code
[    0.190495] ACPI: Interpreter enabled
[    0.192028] ACPI: (supports S0 S5)
[    0.194206] ACPI: Using IOAPIC for interrupt routing
[    0.196307] PCI: Using host bridge windows from ACPI; if necessary, use "pci=nocrs" and report a bug
[    0.200321] ACPI: Enabled 2 GPEs in block 00 to 07
[    0.211405] ACPI: PCI Root Bridge [PCI0] (domain 0000 [bus 00-ff])
[    0.212014] acpi PNP0A03:00: _OSC: OS supports [ASPM ClockPM Segments MSI]
[    0.216036] acpi PNP0A03:00: _OSC: not requesting OS control; OS requires [ExtendedConfig ASPM ClockPM MSI]
[    0.220021] acpi PNP0A03:00: fail to add MMCONFIG information, can't access extended PCI configuration space under this bridge.
[    0.224722] PCI host bridge to bus 0000:00
[    0.228006] pci_bus 0000:00: root bus resource [io  0x0000-0x0cf7 window]
[    0.232005] pci_bus 0000:00: root bus resource [io  0x0d00-0xffff window]
[    0.234439] pci_bus 0000:00: root bus resource [mem 0x000a0000-0x000bffff window]
[    0.236005] pci_bus 0000:00: root bus resource [mem 0x40000000-0xfdffffff window]
[    0.240004] pci_bus 0000:00: root bus resource [bus 00-ff]
[    0.247982] pci 0000:00:01.1: legacy IDE quirk: reg 0x10: [io  0x01f0-0x01f7]
[    0.248007] pci 0000:00:01.1: legacy IDE quirk: reg 0x14: [io  0x03f6]
[    0.252005] pci 0000:00:01.1: legacy IDE quirk: reg 0x18: [io  0x0170-0x0177]
[    0.256005] pci 0000:00:01.1: legacy IDE quirk: reg 0x1c: [io  0x0376]
[    0.289263] pci 0000:00:07.0: quirk: [io  0x4000-0x403f] claimed by PIIX4 ACPI
[    0.292036] pci 0000:00:07.0: quirk: [io  0x4100-0x410f] claimed by PIIX4 SMB
[    0.316864] ACPI: PCI Interrupt Link [LNKA] (IRQs 5 9 10 *11)
[    0.320437] ACPI: PCI Interrupt Link [LNKB] (IRQs 5 9 *10 11)
[    0.324211] ACPI: PCI Interrupt Link [LNKC] (IRQs 5 *9 10 11)
[    0.328239] ACPI: PCI Interrupt Link [LNKD] (IRQs 5 9 10 *11)
[    0.332511] SCSI subsystem initialized
[    0.336064] pci 0000:00:02.0: vgaarb: setting as boot VGA device
[    0.338242] pci 0000:00:02.0: vgaarb: VGA device added: decodes=io+mem,owns=io+mem,locks=none
[    0.340009] pci 0000:00:02.0: vgaarb: bridge control possible
[    0.342073] vgaarb: loaded
[    0.344044] ACPI: bus type USB registered
[    0.345620] usbcore: registered new interface driver usbfs
[    0.348011] usbcore: registered new interface driver hub
[    0.349970] usbcore: registered new device driver usb
[    0.352063] EDAC MC: Ver: 3.0.0
[    0.353779] PCI: Using ACPI for IRQ routing
[    0.356534] NetLabel: Initializing
[    0.358197] NetLabel:  domain hash size = 128
[    0.360005] NetLabel:  protocols = UNLABELED CIPSOv4 CALIPSO
[    0.364031] NetLabel:  unlabeled traffic allowed by default
[    0.366536] clocksource: Switched to clocksource kvm-clock
[    0.382017] VFS: Disk quotas dquot_6.6.0
[    0.384647] VFS: Dquot-cache hash table entries: 512 (order 0, 4096 bytes)
[    0.388383] AppArmor: AppArmor Filesystem Enabled
[    0.390295] pnp: PnP ACPI init
[    0.393479] pnp: PnP ACPI: found 3 devices
[    0.408323] locksource: acpi_pm: mask: 0xffffff max_cycles: 0xffffff, max_idle_ns: 2085701024 ns
[    0.438425] NET: Registered protocol family 2

[    0.442420] TCP established hash table entries: 8192 (order: 4, 65536 bytes)
[    0.448684] TCP bind hash table entries: 8192 (order: 5, 131072 bytes)
[    0.451030] TCP: Hash tables configured (established 8192 bind 8192)
[    0.453543] UDP hash table entries: 512 (order: 2, 16384 bytes)
[    0.455686] UDP-Lite hash table entries: 512 (order: 2, 16384 bytes)
[    0.458045] NET: Registered protocol family 1
[    0.459662] pci 0000:00:00.0: Limiting direct PCIPCI transfrs
[    0.512333] pci 0000:00:01.0: Activating ISA DMA hang workarounds
[    0.515939] pci 0000:00:02.0: Video device with shadowed ROMat [mem 0x000c0000-0x000dffff]
[    0545345] Unpacking initrams...

[    1.010373] Freeing initrd memory: 19512K
[    1.014083] clocksource: tsc: mask: 0xffffffffffffffff max_cycles: 0x171023f09ff, max_idle_ns: 440795233615 ns
[    1.018285] platform rtc_cmos: registered platform RTC device (no PNP device found)
[    1.021145] Scanning for low memory corruption every 60 seconds
[    1.024202] Initialise system trusted keyrings
[    1.025861] Key type blacklist registered
[    1.027469] workingset: timestamp_bits=36 max_order=18 bucket_order=0
[    1.030930] zbud: loaded
[    1.032909] squashfs: version 4.0 (2009/01/31) Phillip Lougher
[    1.035336] fuse init (API version 7.26)
[    1.041541] Key type asymmetric registered
[    1.043063] Asymmetric key parser 'x509' registered
[    1.044899] Block layer SCSI generic (bsg) driver version 0.4 loaded (major 246)
[    1.047719] io scheduler noop registered
[    1.049229] io scheduler deadline registered
[    1.050845] io scheduler cfq registered (default)
[    1.053221] ACPI: AC Adapter [AC] (off-line)
[    1.054909] input: Power Button as /devices/LNXSYSTM:00/LNXPWRBN:00/input/input0
[    1.057703] ACPI: Power Button [PWRF]
[    1.059195] input: Sleep Button as /devices/LNXSYSTM:00/LNXSLPBN:00/input/input1
[    1.061975] ACPI: Sleep Button [SLPF]
[    1.065554] ACPI: Battery Slot [BAT0] (battery present)
[    1.067506] Serial: 8250/16550 driver, 32 ports, IRQ sharing enabled
[    1.096896] 00:02: ttyS0 at I/O 0x3f8 (irq = 4, base_baud = 115200) is a 16550A
[    1.120702] Linux agpgart interface v0.103
[    1.126855] loop: module loaded
[    1.129758] scsi host0: ata_piix
[    1.131277] scsi host1: ata_piix
[    1.132850] ata1: PATA max UDMA/33 cmd 0x1f0 ctl 0x3f6 bmdma 0xd000 irq 14
[    1.135635] ata2: PATA max UDMA/33 cmd 0x170 ctl 0x376 bmdma 0xd008 irq 15
[    1.139062] libphy: Fixed MDIO Bus: probed
[    1.140891] tun: Universal TUN/TAP device driver, 1.6
[    1.142933] PPP generic driver version 2.4.2
[    1.145198] ehci_hcd: USB 2.0 'Enhanced' Host Controller (EHCI) Driver
[    1.161272] ehci-pci: EHCI PCI platform driver
[    1.173886] ehci-platform: EHCI generic platform driver
[    1.178190] ohci_hcd: USB 1.1 'Open' Host Controller (OHCI) Driver
[    1.180529] ohci-pci: OHCI PCI platform driver
[    1.182223] ohci-platform: OHCI generic platform driver
[    1.184648] uhci_hcd: USB Universal Host Controller Interface driver
[    1.190401] i8042: PNP: PS/2 Controller [PNP0303:PS2K,PNP0f03:PS2M] at 0x60,0x64 irq 1,12
[    1.196248] serio: i8042 KBD port at 0x60,0x64 irq 1
[    1.198717] serio: i8042 AUX port at 0x60,0x64 irq 12
[    1.201070] mousedev: PS/2 mouse device common for all mice
[    1.204373] rtc_cmos rtc_cmos: rtc core: registered rtc_cmos as rtc0
[    1.206783] input: AT Translated Set 2 keyboard as /devices/platform/i8042/serio0/input/input2
[    1.208128] rtc_cmos rtc_cmos: alarms up to one day, 114 bytes nvram
[    1.208140] i2c /dev entries driver
[    1.208205] device-mapper: uevent: version 1.0.3
[    1.208266] device-mapper: ioctl: 4.37.0-ioctl (2017-09-20) initialised: dm-devel@redhat.com
[    1.218976] ledtrig-cpu: registered to indicate activity on CPUs
[    1.222543] NET: Registered protocol family 10
[    1.228694] Segment Routing with IPv6
[    1.231010] NET: Registered protocol family 17
[    1.233234] Key type dns_resolver registered
[    1.235412] RAS: Correctable Errors collector initialized.
[    1.237520] sched_clock: Marking stable (1237494333, 0)->(1904272920, -666778587)
[    1.241935] registered taskstats version 1
[    1.243479] Loading compiled-in X.509 certificates
[    1.248230] Loaded X.509 cert 'Build time autogenerated kernel key: c1fa4cde9d34780ae4ae655b856adc042b663c06'
[    1.251816] zswap: loaded using pool lzo/zbud
[    1.258255] Key type big_key registered
[    1.260710] Key type trusted registered
[    1.264677] Key type encrypted registered
[    1.266209] AppArmor: AppArmor sha1 policy hashing enabled
[    1.268264] ima: No TPM chip found, activating TPM-bypass! (rc=-19)
[    1.270694] ima: Allocated hash algorithm: sha1
[    1.272620] evm: HMAC attrs: 0x1
[    1.274395]   Magic number: 7:987:185
[    1.275903] rtc_cmos rtc_cmos: setting system clock to 2019-06-09 16:09:41 UTC (1560096581)
[    1.279246] BIOS EDD facility v0.16 2004-Jun-25, 0 devices found
[    1.281492] EDD information not available.
[    1.304915] Freeing unused kernel image memory: 2408K
[    1.320573] Write protecting the kernel read-only data: 20480k
[    1.336187] Freeing unused kernel image memory: 2008K
[    1.339478] Freeing unused kernel image memory: 1872K
[    1.348236] x86/mm: Checked W+X mappings: passed, no W+X pages found.
[    1.356532] x86/mm: Checking user space page tables
[    1.373842] x86/mm: Checked W+X mappings: passed, no W+X pages found.
Loading, please wait...
starting version 237
[    1.481949] e1000: Intel(R) PRO/1000 Network Driver - version 7.3.21-k8-NAPI
[    1.485284] e1000: Copyright (c) 1999-2006 Intel Corporation.
[    1.490884] Fusion MPT base driver 3.04.20
[    1.492805] Copyright (c) 1999-2008 LSI Corporation
[    1.506023] AVX2 version of gcm_enc/dec engaged.
[    1.507938] AES CTR mode by8 optimization enabled
[    1.525610] Fusion MPT SPI Host driver 3.04.20
[    1.728457] input: ImExPS/2 Generic Explorer Mouse as /devices/platform/i8042/serio1/input/input4
[    2.076339] e1000 0000:00:03.0 eth0: (PCI:33MHz:32-bit) 02:fc:ab:43:0a:1b
[    2.080727] e1000 0000:00:03.0 eth0: Intel(R) PRO/1000 Network Connection
[    2.084721] mptbase: ioc0: Initiating bringup
[    2.414303] ioc0: LSI53C1030 A0: Capabilities={Initiator}
[    3.541628] scsi host2: ioc0: LSI53C1030 A0, FwRev=00000000h, Ports=1, MaxQ=256, IRQ=20
[    4.188304] scsi 2:0:0:0: Direct-Access     VBOX     HARDDISK         1.0  PQ: 0 ANSI: 5
[    4.229188] scsi target2:0:0: Beginning Domain Validation
[    4.297198] scsi target2:0:0: Domain Validation skipping write tests
[    4.307302] scsi target2:0:0: Ending Domain Validation
[    4.315390] scsi target2:0:0: asynchronous
[    4.318687] scsi 2:0:1:0: Direct-Access     VBOX     HARDDISK         1.0  PQ: 0 ANSI: 5
[    4.668479] scsi target2:0:1: Beginning Domain Validation
[    4.674447] random: fast init done
[    4.676644] scsi target2:0:1: Domain Validation skipping write tests
[    4.678920] scsi target2:0:1: Ending Domain Validation
[    4.681014] scsi target2:0:1: asynchronous
[    4.688546] sd 2:0:0:0: Attached scsi generic sg0 type 0
[    4.691257] sd 2:0:1:0: Attached scsi generic sg1 type 0
[    4.693976] random: systemd-udevd: uninitialized urandom read (16 bytes read)
[    4.693993] random: systemd-udevd: uninitialized urandom read (16 bytes read)
[    4.693996] random: systemd-udevd: uninitialized urandom read (16 bytes read)
[    4.707417] e1000 0000:00:08.0 eth1: (PCI:33MHz:32-bit) 08:00:27:4e:32:7e
[    4.707425] e1000 0000:00:08.0 eth1: Intel(R) PRO/1000 Network Connection
[    4.712513] e1000 0000:00:08.0 enp0s8: renamed from eth1
[    4.726922] sd 2:0:1:0: [sdb] 20480 512-byte logical blocks: (10.5 MB/10.0 MiB)
[    4.733005] sd 2:0:0:0: [sda] 20971520 512-byte logical blocks: (10.7 GB/10.0 GiB)
[    4.738034] e1000 0000:00:03.0 enp0s3: renamed from eth0
[    4.740424] sd 2:0:0:0: [sda] Write Protect is off
[    4.743154] sd 2:0:1:0: [sdb] Write Protect is off
[    4.756475] sd 2:0:0:0: [sda] Incomplete mode parameter data
[    4.759092] sd 2:0:0:0: [sda] Assuming drive cache: write through
[    4.761321] sd 2:0:1:0: [sdb] Incomplete mode parameter data
[    4.761322] sd 2:0:1:0: [sdb] Assuming drive cache: write through
[    4.764967] sd 2:0:1:0: [sdb] Attached SCSI disk
[    4.778299]  sda: sda1
[    4.782493] sd 2:0:0:0: [sda] Attached SCSI disk
Begin: Loading essential drivers ... [    6.368558] raid6: sse2x1   gen()  6988 MB/s
[    6.424136] raid6: sse2x1   xor()  4751 MB/s
[    6.472097] raid6: sse2x2   gen()  8023 MB/s
[    6.520227] raid6: sse2x2   xor()  2218 MB/s
[    6.572330] raid6: sse2x4   gen()  2920 MB/s
[    6.625917] raid6: sse2x4   xor()  7129 MB/s
[    6.676317] raid6: avx2x1   gen() 15195 MB/s
[    6.724113] raid6: avx2x1   xor() 10390 MB/s
[    6.772588] raid6: avx2x2   gen() 19615 MB/s
[    6.822240] raid6: avx2x2   xor() 11545 MB/s
[    6.880323] raid6: avx2x4   gen() 22595 MB/s
[    6.931537] raid6: avx2x4   xor() 15399 MB/s
[    6.933982] raid6: using algorithm avx2x4 gen() 22595 MB/s
[    6.937423] raid6: .... xor() 15399 MB/s, rmw enabled
[    6.940055] raid6: using avx2x2 recovery algorithm
[    6.943599] xor: automatically using best checksumming function   avx       
[    6.948993] async_tx: api initialized (async)
done.
Begin: Running /scripts/init-premount ... done.
Begin: Mounting root file system ... Begin: Running /scripts/local-top ... done.
Begin: Running /scripts/local-premount ... [    7.014433] Btrfs loaded, crc32c=crc32c-intel
Scanning for Btrfs filesystems
done.
Warning: fsck not present, so skipping root file system
[    7.111188] EXT4-fs (sda1): mounted filesystem with ordered data mode. Opts: (null)
done.
Begin: Running /scripts/local-bottom ... done.
Begin: Running /scripts/init-bottom ... done.
[    7.905062] ip_tables: (C) 2000-2006 Netfilter Core Team
[    7.951459] systemd[1]: systemd 237 running in system mode. (+PAM +AUDIT +SELINUX +IMA +APPARMOR +SMACK +SYSVINIT +UTMP +LIBCRYPTSETUP +GCRYPT +GNUTLS +ACL +XZ +LZ4 +SECCOMP +BLKID +ELFUTILS +KMOD -IDN2 +IDN -PCRE2 default-hierarchy=hybrid)
[    7.960471] systemd[1]: Detected virtualization oracle.
[    7.962399] systemd[1]: Detected architecture x86-64.

Welcome to [1mUbuntu 18.04.1 LTS[0m!

[    7.983817] systemd[1]: Set hostname to <ubuntu-bionic>.
[    9.298116] systemd[1]: Created slice System Slice.
[[0;32m  OK  [0m] Created slice System Slice.
[    9.314728] systemd[1]: Reached target System Time Synchronized.
[[0;32m  OK  [0m] Reached target System Time Synchronized.
[    9.324095] systemd[1]: Listening on Journal Socket.
[[0;32m  OK  [0m] Listening on Journal Socket.
[    9.331143] systemd[1]: Mounting POSIX Message Queue File System...
         Mounting POSIX Message Queue File System...
[    9.336566] systemd[1]: Created slice User and Session Slice.
[[0;32m  OK  [0m] Created slice User and Session Slice.
[    9.341396] systemd[1]: Started Forward Password Requests to Wall Directory Watch.
[[0;32m  OK  [0m] Started Forward Password Requests to Wall Directory Watch.
[[0;32m  OK  [0m] Reached target Slices.
[[0;32m  OK  [0m] Set up automount Arbitrary Executabâ€¦rmats File System Automount Point.
[[0;32m  OK  [0m] Listening on Device-mapper event daemon FIFOs.
[[0;32m  OK  [0m] Listening on Journal Audit Socket.
[[0;32m  OK  [0m] Listening on Network Service Netlink Socket.
[[0;32m  OK  [0m] Listening on LVM2 poll daemon socket.
         Starting Load Kernel Modules...
[[0;32m  OK  [0m] Listening on LVM2 metadata daemon socket.
         Starting Set the console keyboard layout...
[[0;32m  OK  [0m] Listening on Journal Socket (/dev/log).
[[0;32m  OK  [0m] Listening on udev Control Socket.
[[0;32m  OK  [0m] Listening on Syslog Socket.
         Starting Create list of required stâ€¦ce nodes for the current kernel...
[    9.453625] Loading iSCSI transport class v2.0-870.
         Mounting Huge Pages File System...
         Starting Monitoring of LVM2 mirrorsâ€¦ng dmeventd or progress polling...
         Starting Uncomplicated firewall...
         Starting Journal Servic[    9.473405] iscsi: registered transport (tcp)
e...
         Mounting Kernel Debug File System...
[[0;32m  OK  [0m] Created slice system-serial\x2dgetty.slice.
[[0;32m  OK  [0m] Listening on /dev/initctl Compatibility Named Pipe.
[[0;32m  OK  [0m] Reached target Swap.
[[0;32m  OK  [0m] Reached target User and Group Name Lookups.
[[0;32m  OK  [0m] Listening on udev Kernel Socket.
         Starting udev Coldplug all Devices...
         Starting Remount Root and Kernel File Systems...
[[0;32m  OK  [0m] Mounted POSIX Message Queue File System.
[[0;32m  OK  [0m] Started Create list of required staâ€¦vice nodes for the current kernel.
[[0;32m  OK  [0m] Mounted Huge Pages File System.
[[0;32m  OK  [0m] Mounted Kernel Debug File System.
         Starting Create Static Device Nodes in /dev...
[[0;32m  OK  [0m] Started udev Coldplug all Devices.
[[0;32m  OK  [0m] Started Uncomplicated firewall.
[    9.681463] iscsi: registered transport (iser)
[[0;32m  OK  [0m] Started Load Kernel Modules.
         Starting Apply Kernel Variables...
         Mounting FUSE Control File System...
         Mounting Kernel Configuration File System...
[[0;32m  OK  [0m] Started Journal Service.
[[0;32m  OK  [0m] Mounted FUSE Control File System.
[[0;32m  OK  [0m] Mounted Kernel Configuration File System.
[    9.781133] EXT4-fs (sda1): re-mounted. Opts: (null)
[[0;32m  OK  [0m] Started Remount Root and Kernel File Systems.
         Starting Load/Save Random Seed...
         Starting Flush Journal to Persistent Storage...
         Starting Initial cloud-init job (pre-networking)...
[[0;32m  OK  [0m] Started Load/Save Random Seed.
[[0;32m  OK  [0m] Started LVM2 metadata daemon.
[    9.970084] systemd-journald[400]: Received request to flush runtime journal from PID 1
[[0;32m  OK  [0m] Started Create Static Device Nodes in /dev.
         Starting udev Kernel Device Manager...
[[0;32m  OK  [0m] Started Set the console keyboard layout.
[[0;32m  OK  [0m] Started Apply Kernel Variables.
[[0;32m  OK  [0m] Started Monitoring of LVM2 mirrors,â€¦sing dmeventd or progress polling.
[[0;32m  OK  [0m] Reached target Local File Systems (Pre).
[[0;32m  OK  [0m] Reached target Local File Systems.
         Starting Tell Plymouth To Write Out Runtime Data...
         Starting ebtables ruleset management...
         Starting AppArmor initialization...
         Starting Set console font and keymap...
[[0;32m  OK  [0m] Started Tell Plymouth To Write Out Runtime Data.
[[0;32m  OK  [0m] Started Set console font and keymap.
[[0;32m  OK  [0m] Started udev Kernel Device Manager.
[[0;32m  OK  [0m] Started Dispatch Password Requests to Console Directory Watch.
[[0;32m  OK  [0m] Reached target Local Encrypted Volumes.
[[0;32m  OK  [0m] Started ebtables ruleset management.
[[0;32m  OK  [0m] Found device /dev/ttyS0.
[[0;32m  OK  [0m] Started Flush Journal to Persistent Storage.
         Starting Create Volatile Files and Directories...
[[0;32m  OK  [0m] Started Create Volatile Files and Directories.
         Starting Update UTMP about System Boot/Shutdown...
[[0;32m  OK  [0m] Listening on Load/Save RF Kill Switch Status /dev/rfkill Watch.
[[0;32m  OK  [0m] Started Update UTMP about System Boot/Shutdown.
[[0;32m  OK  [0m] Started AppArmor initialization.
[   16.100874] cloud-init[426]: Cloud-init v. 18.4-0ubuntu1~18.04.1 running 'init-local' at Sun, 09 Jun 2019 16:09:55 +0000. Up 15.74 seconds.
[[0;32m  OK  [0m] Started Initial cloud-init job (pre-networking).
[[0;32m  OK  [0m] Reached target Network (Pre).
         Starting Network Service...
[[0;32m  OK  [0m] Started Network Service.
         Starting Network Name Resolution...
         Starting Wait for Network to be Configured...
[[0;32m  OK  [0m] Started Network Name Resolution.
[[0;32m  OK  [0m] Reached target Network.
[[0;32m  OK  [0m] Reached target Host and Network Name Lookups.
[[0;32m  OK  [0m] Started Wait for Network to be Configured.
         Starting Initial cloud-init job (metadata service crawler)...
[   18.507959] cloud-init[706]: Cloud-init v. 18.4-0ubuntu1~18.04.1 running 'init' at Sun, 09 Jun 2019 16:09:58 +0000. Up 18.33 seconds.
[   18.514238] cloud-init[706]: ci-info: ++++++++++++++++++++++++++++++++++++++Net device info+++++++++++++++++++++++++++++++++++++++
[   18.530186] cloud-init[706]: ci-info: +--------+------+-----------------------------+---------------+--------+-------------------+
[   18.541315] cloud-init[706]: ci-info: | Device |  Up  |           Address           |      Mask     | Scope  |     Hw-Address    |
[   18.552885] cloud-init[706]: ci-info: +--------+------+-----------------------------+---------------+--------+-------------------+
[   18.560603] cloud-init[706]: ci-info: | enp0s3 | True |          10.0.2.15          | 255.255.255.0 | global | 02:fc:ab:43:0a:1b |
[   18.566843] cloud-init[706]: ci-info: | enp0s3 | True |  fe80::fc:abff:fe43:a1b/64  |       .       |  link  | 02:fc:ab:43:0a:1b |
[   18.584383] cloud-init[706]: ci-info: | enp0s8 | True |        192.168.33.10        | 255.255.255.0 | global | 08:00:27:4e:32:7e |
[   18.596439] cloud-init[706]: ci-info: | enp0s8 | True | fe80::a00:27ff:fe4e:327e/64 |       .       |  link  | 08:00:27:4e:32:7e |
[   18.604613] cloud-init[706]: ci-info: |   lo   | True |          127.0.0.1          |   255.0.0.0   |  host  |         .         |
[   18.618760] cloud-init[706]: ci-info: |   lo   | True |           ::1/128           |       .       |  host  |         .         |
[   18.628866] cloud-init[706]: ci-info: +--------+------+-----------------------------+---------------+--------+-------------------+
[   18.635309] cloud-init[706]: ci-info: +++++++++++++++++++++++++++++Route IPv4 info+++++++++++++++++++++++++++++
[   18.642505] cloud-init[706]: ci-info: +-------+--------------+----------+-----------------+-----------+-------+
[   18.693133] cloud-init[706]: ci-info: | Route | Destination  | Gateway  |     Genmask     | Interface | Flags |
[   18.698002] cloud-init[706]: ci-info: +-------+--------------+----------+-----------------+-----------+-------+
[   18.704038] cloud-init[706]: ci-info: |   0   |   0.0.0.0    | 10.0.2.2 |     0.0.0.0     |   enp0s3  |   UG  |
[   18.749125] cloud-init[706]: ci-info: |   1   |   10.0.2.0   | 0.0.0.0  |  255.255.255.0  |   enp0s3  |   U   |
[   18.754275] cloud-init[706]: ci-info: |   2   |   10.0.2.2   | 0.0.0.0  | 255.255.255.255 |   enp0s3  |   UH  |
[   18.797001] cloud-init[706]: ci-info: |   3   | 192.168.33.0 | 0.0.0.0  |  255.255.255.0  |   enp0s8  |   U   |
[   18.809104] cloud-init[706]: ci-info: +-------+--------------+----------+-----------------+-----------+-------+
[   18.823028] cloud-init[706]: ci-info: +++++++++++++++++++Route IPv6 info+++++++++++++++++++
[   18.827449] cloud-init[706]: ci-info: +-------+-------------+---------+-----------+-------+
[   18.850016] cloud-init[706]: ci-info: | Route | Destination | Gateway | Interface | Flags |
[   18.864424] cloud-init[706]: ci-info: +-------+-------------+---------+-----------+-------+
[   18.872427] cloud-init[706]: ci-info: |   1   |  fe80::/64  |    ::   |   enp0s8  |   U   |
[   18.876979] cloud-init[706]: ci-info: |   2   |  fe80::/64  |    ::   |   enp0s3  |   U   |
[   18.888641] cloud-init[706]: ci-info: |   4   |    local    |    ::   |   enp0s3  |   U   |
[   18.894191] cloud-init[706]: ci-info: |   5   |    local    |    ::   |   enp0s8  |   U   |
[   18.899832] cloud-init[706]: ci-info: |   6   |   ff00::/8  |    ::   |   enp0s8  |   U   |
[   18.906718] cloud-init[706]: ci-info: |   7   |   ff00::/8  |    ::   |   enp0s3  |   U   |
[   18.916797] cloud-init[706]: ci-info: +-------+-------------+---------+-----------+-------+
[[0;32m  OK  [0m] Started Initial cloud-init job (metadata service crawler).
[[0;32m  OK  [0m] Reached target Cloud-config availability.
[[0;32m  OK  [0m] Reached target Network is Online.
         Starting Availability of block devices...
[[0;32m  OK  [0m] Reached target Remote File Systems (Pre).
[[0;32m  OK  [0m] Reached target Remote File Systems.
[[0;32m  OK  [0m] Reached target System Initialization.
[[0;32m  OK  [0m] Started Message of the Day.
[[0;32m  OK  [0m] Listening on D-Bus System Message Bus Socket.
         Starting LXD - unix socket.
[[0;32m  OK  [0m] Started Daily Cleanup of Temporary Directories.
[[0;32m  OK  [0m] Listening on Open-iSCSI iscsid Socket.
[[0;32m  OK  [0m] Listening on ACPID Listen Socket.
[[0;32m  OK  [0m] Listening on UUID daemon activation socket.
         Starting Socket activation for snappy daemon.
[[0;32m  OK  [0m] Started ACPI Events Check.
[[0;32m  OK  [0m] Reached target Paths.
[[0;32m  OK  [0m] Started Discard unused blocks once a week.
[[0;32m  OK  [0m] Started Daily apt download activities.
[[0;32m  OK  [0m] Started Daily apt upgrade and clean activities.
[[0;32m  OK  [0m] Reached target Timers.
[[0;32m  OK  [0m] Started Availability of block devices.
[[0;32m  OK  [0m] Listening on LXD - unix socket.
[[0;32m  OK  [0m] Listening on Socket activation for snappy daemon.
[[0;32m  OK  [0m] Reached target Sockets.
[[0;32m  OK  [0m] Reached target Basic System.
         Starting Accounts Service...
[[0;32m  OK  [0m] Started Deferred execution scheduler.
         Starting LXD - container startup/shutdown...
         Starting vboxadd.service...
         Starting Dispatcher daemon for systemd-networkd...
         Starting Permit User Sessions...
         Starting LSB: Record successful boot for GRUB...
[[0;32m  OK  [0m] Started irqbalance daemon.
[[0;32m  OK  [0m] Started FUSE filesystem for LXC.
         Starting System Logging Service...
         Starting Login Service...
         Starting LSB: automatic crash report generation...
[[0;32m  OK  [0m] Started Regular background program processing daemon.
         Starting Snappy daemon...
[[0;32m  OK  [0m] Started D-Bus System Message Bus.
         Starting OpenBSD Secure Shell server...
[[0;32m  OK  [0m] Started System Logging Service.
[[0;32m  OK  [0m] Started Dispatcher daemon for systemd-networkd.
[[0;32m  OK  [0m] Started Permit User Sessions.
[[0;32m  OK  [0m] Started Login Service.
[[0;32m  OK  [0m] Started vboxadd.service.
         Starting vboxadd-service.service...
         Starting Authorization Manager...
[[0;32m  OK  [0m] Started Unattended Upgrades Shutdown.
         Starting Terminate Plymouth Boot Screen...
         Starting Hold until boot process finishes up...
[[0;32m  OK  [0m] Started Terminate Plymouth Boot Screen.
[[0;32m  OK  [0m] Started Hold until boot process finishes up.
         Starting Set console scheme...
[[0;32m  OK  [0m] Started Serial Getty on ttyS0.
[[0;32m  OK  [0m] Started LSB: Record successful boot for GRUB.
[[0;32m  OK  [0m] Started LSB: automatic crash report generation.
[[0;32m  OK  [0m] Started Set console scheme.
[[0;32m  OK  [0m] Created slice system-getty.slice.
[[0;32m  OK  [0m] Started Getty on tty1.
[[0;32m  OK  [0m] Reached target Login Prompts.
[[0;32m  OK  [0m] Started vboxadd-service.service.
[[0;32m  OK  [0m] Started Authorization Manager.
[[0;32m  OK  [0m] Started Accounts Service.
[[0;32m  OK  [0m] Started OpenBSD Secure Shell server.
[[0;32m  OK  [0m] Started LXD - container startup/shutdown.
[[0;32m  OK  [0m] Started Snappy daemon.
         Starting Wait until snapd is fully seeded...
[[0;32m  OK  [0m] Started Wait until snapd is fully seeded.
         Starting Apply the settings specified in cloud-config...
[[0;32m  OK  [0m] Reached target Multi-User System.
[[0;32m  OK  [0m] Reached target Graphical Interface.
         Starting Update UTMP about System Runlevel Changes...
[[0;32m  OK  [0m] Created slice User Slice of vagrant.
[[0;32m  OK  [0m] Started Update UTMP about System Runlevel Changes.
[[0;32m  OK  [0m] Started Session 1 of user vagrant.
         Starting User Manager for UID 1000...
[[0;32m  OK  [0m] Started User Manager for UID 1000.
[   23.113468] cloud-init[1227]: Cloud-init v. 18.4-0ubuntu1~18.04.1 running 'modules:config' at Sun, 09 Jun 2019 16:10:03 +0000. Up 22.85 seconds.
[[0;32m  OK  [0m] Started Apply the settings specified in cloud-config.
         Starting Execute cloud user/final scripts...
[   23.883067] cloud-init[1302]: Cloud-init v. 18.4-0ubuntu1~18.04.1 running 'modules:final' at Sun, 09 Jun 2019 16:10:03 +0000. Up 23.69 seconds.
[   23.901077] cloud-init[1302]: Cloud-init v. 18.4-0ubuntu1~18.04.1 finished at Sun, 09 Jun 2019 16:10:04 +0000. Datasource DataSourceNoCloud [seed=/dev/sdb][dsmode=net].  Up 23.87 seconds
[[0;32m  OK  [0m] Started Execute cloud user/final scripts.
[[0;32m  OK  [0m] Reached target Cloud-init target.

Ubuntu 18.04.1 LTS ubuntu-bionic ttyS0

ubuntu-bionic login: 