<<<<<<< HEAD
[    0.00000] Linux version4.15.0-51-generic (buildd@lgw01-amd64-059) (gcc version 7.3.0 (Ubuntu 7.3.0-16ubuntu3)) #55-Ubuntu SMP Wed May 15 14:27:21 UTC 2019 (Ubuntu 4.15.0-51.55-generic 4.15.18)
[    0.000000] mmand line: BOOT_IMAGE=/boot/vmlinuz-4.15.0-51-generic root=UUID=3636f5d4-1dd-484-b5af-9b234b433392 ro console=tty1 console=ttyS0
[    0.0000]KENE supportd cpus:
[    0.000000]   Intel GenuineIntel
[    0.000000]   AMD AtheicAM
[    0.000000]   Centaur CentauHauls
[    0.000000] x86/fpu: Supporting XSAVE feature 0x001: 'x87 floating point registers'
[    0.000000] x86/fpu: Supporting XSAVE eature 0x002: 'SSE gisters'
[    0.000000 x86/fpu: Supportng XSAVE feature 0x004:'AVX registers'
[    0.000000] x86/fpu: xstate_offset[2]:  576, xstate_sizes[2]:  256
[    0.000000] x8/fpu: Enabled xstate features 0x7, context size is 832 bytes, using 'standard' foat.
[    0.000000] e820: BIOSrovidephsical M map:
[    0.000000] BIOS-e20 [mem 0x00000000000000-0x000000000009fbff] usable
[    0.000000] BIOS-e820: [mem 0x000000000009fc00-0x000000000009ffff] reserved
[    0.000000] BIS-e820: [mem 0x00000000000f0000-0x00000000000fffff] reserved
[    0.000000] BIOS-e820: [mm x0000000000100000-0000000003ffefff] usable
[    0.000000] IOS-e820: [mem 0x000000003fff0000-0x000000003fffffff] ACPI data
[    0.000000] BIOS-e820: [mem 0x00000000fec00000-0x00000000fec00fff] served
[    0.000000] BIOS-e820: [mem 0x00000000fee00000-0x0000000fee00fff] reserved
[    0.000000] BIOS-e820: [mem 0x00000000fffc0000-0x0000000ffffffff] reserved
[    0.000000] NX (Execute Disable) prrotection: active
[    0.0000] SMBIOS 2.5 present.
[    0.000000] DMI: nnotek GmbH VitualBox/VirtualBox, BIOS VirtualBox 12/01/2006
[    0.000000] Hpevisor detected: KVM
[    0.000000] e820: last_pfn = 0x3fff0 max_arch_pfn = 0x400000000
[    0.000000] MTRR: Disabd
[    0.000000] x86/PAT: MTRRs disabled, skping P iitializatiotoo.
   000000] CPU MTRRs all blank - virtualized system.
[    0.000000] x8PAT: Configuration [0-: WBWT  UC- UC  WB  WT  UC- UC  
[    0.000000] found SMP MP-table at [mem 0x0009fff0-0x0009ffff] mapped at        (ptrval)]
[    0.000000] Scanning 1 areas for low memory corruption
[    0.000000] RAMDISK: [mem 0x359d3000-0x36ce0fff]
[    0.000000] ACPI: Ealy table checksum verification disabled
[    .000000] ACPI: RSD0x00000000000E0000 000024 (v02 VBOX  )
[    0.000000] ACPI: XSDT 0x00000003FFF0030 00003C (v01 VBOX   VBOXXSDT 00000001 ASL  00000061)
=======
<<<<<<< HEAD
[    0.00000 Linux versio4.15.0-50-generc (buildd@lcy01md64-0) gc vsion7..0 (Ubuntu 7.3.0-16ubuntu3)) #54-Ubuntu SMP Mon May 6 18:46:08 UTC 2019 (Ubuntu 4.15.0-50.54-generic 4.15.18)
[    0.000000] Command line: BOOT_IMAGE=/boot/vmlinuz-4.15.0-50-generic root=LABEL=cloudimg-rootfs ro console=ty1 console=ttyS0
=======
[    0.000000] Linux version 4.15.0-51-generic (buildd@lgw01-amd64-059) (gcc version 7.3.0 (Ubuntu 7.3.0-16ubuntu3)) #55-Ubuntu SMP Wed May 15 14:27:21 UTC 2019 (Ubuntu 4.15.0-51.55-generic 4.15.18)
[    0.000000] Command line: BOOT_IMAGE=/boot/vmlinuz-4.15.0-51-generic root=UUID=7a00e701-8215-4f9e-b475-33368689fc67 ro console=tty1 console=ttyS0
>>>>>>> c0fb8b7d2afb5f3fef4ddfa8fffbc1c93f9eea8a
[    0.000000] KERNEL supported cpus:
[    0.000000]   Intel GenuineIntel
[   0.000000]   AMD AuthenticAMD
[    0.000000]   Centaur CentaurHauls
<<<<<<< HEAD
[    0.000000] x86/fpu: Suppoting XSAVE eaure 0x0: x87 floating point registers'
[    0.000000] x86/fpu: Supporting XSAVE feature 0x002: 'SSE registers'
[    0.000000] x86/fpu: Supporting XSAVE feature 0x00 'AVX registers'
[  0.000000]x8/fpu: xstate_offset[: 576, xstatesizes[2]:  256
[    0.000000] x86/fpu: Enabled xstate features 0x7, context size is 832 bytes, using 'standard' format.
[    0.000000] e820: BIOS-provided physical RAM map:
[    0.000000] BIOS-e820: [mem 0x0000000000000000-0x000000000009fbff] usable
[    0.000000] BIOS-e820: [mem 0x00000000009fc00-0x000000000009ffff] reserved
[    0.000000] BIOS-e820: [mem 0x00000000000f0000-0x0000000000fff] reserved
[    0.000000] BIOS-e820: [mem 0x0000000000100000-0x000000003ffeffff] usable
[    0.000000] BIOS-e820: [me0x0000000ff0000-0x000000003fffffff] ACPI data
[    0.000000] BIOS-e820: [mem 0x000000fec000-x00000000fec00fff] reserved
=======
[    0.000000] x86/fpu: Supporting XSAVE feature 0x001: 'x87 floating point registers'
[    0.000000] x86/fpu: Supporting XSAVE feature 0x002: 'SSE registers'
[    0.000000] x86/fpu: Supporting XSAVE feature 0x004: 'AVX registers'
[    0.000000] x86/fpu: xstate_offset[2]:  576, xstate_sizes[2]:  256
[    0.000000] x86/fpu: Enabled xstate features 0x7, context size is 832 bytes, using 'standard' format.
[    0.000000] e820: BIOS-provided physical RAM map:
[    0.000000] BIOS-e820: [mem 0x0000000000000000-0x000000000009fbff] usable
[    0.000000] BIOS-e820: [mem 0x000000000009fc00-0x000000000009ffff] reserved
[    0.000000] BIOS-e820: [mem 0x00000000000f0000-0x00000000000fffff] reserved
[    0.000000] BIOS-e820: [mem 0x0000000000100000-0x000000003ffeffff] usable
[    0.000000] BIOS-e820: [mem 0x000000003fff0000-0x000000003fffffff] ACPI data
[    0.000000] BIOS-e820: [mem 0x00000000fec00000-0x00000000fec00fff] reserved
>>>>>>> c0fb8b7d2afb5f3fef4ddfa8fffbc1c93f9eea8a
[    0.000000] BIOS-e820: [mem 0x00000000fee00000-0x00000000fee00fff] reserved
[    0.000000] BIOS-e820: [mem 0x00000000fffc0000x000000fffffff] reered
[    0.000000] NX (Execute Disable) protection: active
[    0.000000] SMBIOS 2.5 present.
[    0.000000] DMI: innotek GmbH VirtlBox/VirtualBox, BIOS VirtualBox 1201006
[  0.000000] Hypervisor detected: KVM
[    0.000000] e820: last_pfn = 0x3fff0 max_arch_pfn = 0x400000000
[    0.000000] MTRR: Disabled
[    0.000000] x86/PAT: MTRRs disabled, skipping PAT initialization too.
<<<<<<< HEAD
[    0.000000] CPU MTRR all blnk - virtualized system.
[    0.000000] x86/PAT: Configuration [0-7]: WB  WT  UC- UC  WB  WT  UC- UC  
[    0.000000] found SMP P-tae at mem 0x0009fff0-000ffff] ppd at [       (trval)]
[    0.000000] Scanning 1 areas for low memory corruption
[    0.000000] RAMDISK: [mem 0x359c7000-0x36cdafff]
[    0000000] ACPI:ary table checksum verification disabled
[    0.000000] ACPI: RSDP 0x00000000000E0000 000024 (v02 VBOX  )
[    0.000000] ACPI: XSDT 0x000000003FFF0030 003C (v01 VBOX  BOXXSDT 000001 ASL  00000061)
=======
[    0.000000] CPU MTRRs all blank - virtualized system.
[    0.000000] x86/PAT: Configuration [0-7]: WB  WT  UC- UC  WB  WT  UC- UC  
[    0.000000] found SMP MP-table at [mem 0x0009fff0-0x0009ffff] mapped at [        (ptrval)]
[    0.000000] Scanning 1 areas for low memory corruption
[    0.000000] RAMDISK: [mem 0x359d3000-0x36ce0fff]
[    0.000000] ACPI: Early table checksum verification disabled
[    0.000000] ACPI: RSDP 0x00000000000E0000 000024 (v02 VBOX  )
[    0.000000] ACPI: XSDT 0x000000003FFF0030 00003C (v01 VBOX   VBOXXSDT 00000001 ASL  00000061)
>>>>>>> c0fb8b7d2afb5f3fef4ddfa8fffbc1c93f9eea8a
>>>>>>> master
[    0.000000] ACPI: FACP 0x000000003FFF00F0 0000F4 (v04 VBOX   VBOXFACP 00000001 ASL  00000061)
[   0.00000 API: DSDT 0x000000003FFF0470 0021FF (v02 VBOX   VBOXBIOS 00000002 INTL 20100528)
[    0.000000] ACPI: FACS 0x000000003FFF0200 000040
[    0.000000] ACPI: FACS 0x000000003FFF0200 000040
[    0.000000] ACPI: APIC 0x000000003FFF0240 00005C (v02 VBOX   VBOXAPIC 00000001 ASL  0000006
[    0.000000] ACPI: SSSDT 0x000000003FFF02A0 0001CC (v01 VBOX   VBOXCPUT 00000002 INTL 20100528)
[   0.00000] No NUMA configuration found
[    0.000000] Faking a node at [mem 0x0000000000000000-0x000000003ffeffff]
[    0.000000] NODE_DATA(0) alocatd [mem 0x3ffc5000-0x3ffeffff]
[    0.000000] kvm-clock: cpu 0, msr 0:3ff44001, primary cpu clock
[    0.000000] kvm-clock: Using msrs 4b564d01 and 4b564d00
<<<<<<< HEAD
[    0.000000] kvm-clock: using sched offset of 4230805718 cycles
=======
<<<<<<< HEAD
[    0.000000] kvm-clock: usingchdd offset of 4078344903 cycles
=======
[    0.000000] kvm-clock: using sched offset of 10133279123 cycles
>>>>>>> c0fb8b7d2afb5f3fef4ddfa8fffbc1c93f9eea8a
>>>>>>> master
[    0.000000] clocksource: kvm-clock: mask: 0xffffffffffffffff max_cycles: 0x1cd42e4dffb, max_idle_ns: 881590591483 ns
[    0.00000] Zone ranges:
[    0.000000]   DMA      [mem 0x000000000000100-0x0000000000ffffff]
[    0.000000]   DMA32    [mem 0x0000000001000000-0x000000003ffeffff]
[    0.000000]   Normal   emty
    0.000000]   Device   empty
[    0.000000] Movable zone start for each node
[    000000] Early memory node ranges
[    0.000000]   node   0: [mem 0x000000000001000x0000000009efff]
[    0.000000]   node   0: [mem 0x0000000000100000-0x000000003ffeffff]
<<<<<<< HEAD
[    0.000000] Reserved but unavailable: 114 pages
=======
<<<<<<< HEAD
[    0.000000] Reserved but unavailable: 11 pge
=======
[    0.000000] Reserved but unavailable: 114 pages
>>>>>>> c0fb8b7d2afb5f3fef4ddfa8fffbc1c93f9eea8a
>>>>>>> master
[    0.000000] Initmem setup node 0 [mem 0x0000000000001000-0x000000003ffeffff]
[    0.000000] ACPI: PM-Timr IO Port: 0x4008
[    0.000000] IOAPIC[0]: apic_id 2, version 32, address 0xfec0000, GSI 0-23
[    0.000000] ACPI: INT_SRC_OVR (bus 0 bus_irq 0 global_irq 2 dfl dfl)
[    0.000000] ACPI: INT_SRC_OVR (bus 0 bus_irq 9 global_irq 9 low level)
[    0.000000] Using ACPI (MADT) for SMP configuration information
<<<<<<< HEAD
[    0.000000] smpboot: lowing 2 CPUs, 0 hotplug CPUs
[    0.000000] M:Registered nosave memory: [mem 0x00000000-0x00000fff]
[    0.00000] PM: Registered osave memory: [mem 0x0009f000-0x0009ffff]
[    0.000000] PM: Registered nosave mmory: [mem 0x000a0000-0x000effff]
[    0.000000] PM: Registered nosave memory: [mem 0x000f0000-0x000fffff]
[    0.000000]e80: [mem x40000000-0xfebfffff] available for PCI devices
[    0.000000] Booting paravirtualized kernel on KVM
[    0.000000] clocksource: refined-jiffies: mask: 0xffffffff max_cycles: 0xffffffff, max_idle_ns: 7645519600211568 s
[  0.000000] random: get_random_bytes called from start_kernel+0x99/0x4fd witcrng_init=0[    0.000000] setp_percpu: NR_CPUS:8192 nr_cpumask_bits:2 n_cpu_ids:2 nr_node_ids:1
[    0.0000] percpu: Embedded 46 pag/cpu @      (ptrval) s151552 r8192 d28672 u1048576
[    0.000000] PV qspinlock hash table entries: 256 (order: 0, 4096 bytes)
[    0.000000] Built 1 zonelists, mobility grouping on.  Total pages: 257913
[    0.000000] Policy zone: DMA32
[    0.000000] Kernel command lne: BOOT_IMAGE=/boot/vmlinuz-4.15.0-51-generic root=UUID=36f5d4-1dd0-4284-b5af-9b234b433392 ro console=tty1 console=ttyS0
[    0.000000] Memory: 983072K/1048120K available (12300K kernel code, 2473K rwat, 4272K rodata, 2408K init, 41 bss, 65048K reserved, 0K cma-reserved)
[    0.000000] SLUB: HWalign=, Orde0-3,MinObjects=0, CPU=2, Nodes=1
[    0.000000] Kerel/User page tables isolation: enabled
=======
<<<<<<< HEAD
[    0.000000smpboot: Aowing 2PUs, 0 hotplug Cs
[  0000000] P Rgistered sae memo: [mem 0x00000000-0x00000fff]
[    0.000000] PM: Registered nosave memory: [mem 0x0009f000-0x0009ffff]
[    0.000000] PM: Registered nosave memory: [mem 0x000a0000-0x000effff]
[    0.000000] PM: Registered nosave memor: [mem 0x000f0000-0x000fffff]
[    0.000000] e820: [mem 0x40000000-0xfebfffff] available for PCI devices
[    0.000000] Booting paravirtualized kernel on KVM[   0.0000] clocksource: refined-jiffies: mask: 0xffffffff max_cycles: 0xffffffff, max_idle_ns: 7645519600211568 ns
[    0.000000] random: get_random_bytes called from start_kernel+0x99/0x4fd with crng_it=0
[    0.000] setup_prcu: NR_CPUS:8192 nr_cpumask_bits:2 nr_cpu_ids:2 nr_node_ids:1
[    0.000000] percpu: Embedded 46 pagecpu @        (ptrval) s151552 r8192 d28672 u1048576
[    0.000000] PV qspinlock hash table entries: 256 (order: 0, 4096 bytes)
[    0.000000] Built 1 zonelists, mobility grouping on.  Toal pages: 257913
[    0.000000]olcy ze:DMA32
[    0.000000] Kernel command line: BOOT_IMAGE=/boot/vmlinuz.15.0-50-gerc oot=LABEL=clouimg-root ro console=tty1 console=ttyS0
[    0.000000] Memory: 983040K/1048120K available (12300K kernel code, 2474K rwdata, 4276K rodata,412K ini, 416K b, 65080K reserved,K mareerved)
[  0000000] SLUB: HWalign=64, Order=0-3, MinObjects=0, CPUs=2, Nodes=1
=======
[    0.000000] smpboot: Allowing 2 CPUs, 0 hotplug CPUs
[    0.000000] PM: Registered nosave memory: [mem 0x00000000-0x00000fff]
[    0.000000] PM: Registered nosave memory: [mem 0x0009f000-0x0009ffff]
[    0.000000] PM: Registered nosave memory: [mem 0x000a0000-0x000effff]
[    0.000000] PM: Registered nosave memory: [mem 0x000f0000-0x000fffff]
[    0.000000] e820: [mem 0x40000000-0xfebfffff] available for PCI devices
[    0.000000] Booting paravirtualized kernel on KVM
[    0.000000] clocksource: refined-jiffies: mask: 0xffffffff max_cycles: 0xffffffff, max_idle_ns: 7645519600211568 ns
[    0.000000] random: get_random_bytes called from start_kernel+0x99/0x4fd with crng_init=0
[    0.000000]setup_percpu: NR_CPUS:8192 nr_cpumask_bitss:2 nr_cpu_ids:2 nr_node_ids:1
[    0.000000] percpu: Embedded 46 pages/cpu @        (ptrval) s151552 r8192 d28672 u1048576
[    0.000000] PV qspinlock hash table entries: 256 (order: 0, 4096 bytes)
[    0.000000] Built 1 zonelists, mobility grouping on.  Total pages: 257913
[    0.000000] Policy zone: DMA32
[    0.000000] Kernel command line: BOOT_IMAGE=/boot/vmlinuz-4.15.0-51-generic root=UUID=7a00e701-8215-4f9e-b475-33368689fc67 ro console=tty1 console=ttyS0
[    0.000000] Memory: 983072K/104810K available (12300K kernel code, 2473K rwdata, 4272K rodata, 2408K init, 2416K bss, 65048K reserved, 0K cma-reserved)
[    0.000000] SLUB: HWalign=64, Order=0-3, MinObjects=0, CPUs=2, Nodes=1
>>>>>>> c0fb8b7d2afb5f3fef4ddfa8fffbc1c93f9eea8a
[    0.000000] Kernel/User page tables isolation: enabled
>>>>>>> master
[    0.000000] ftrace: allocating 39215 entries in 154 pages
[    0.004000] Hierarchical RCU implementation.
[    0.004000] 	CU restricting CPUs from NR_CPUS=8192 to nr_cpu_ids=2.
[    0.004000] 	Tasks RCU enabled.
[    0.004000] RCU: Adjusting geometry for rcu_fnout_leaf=16, nr_cpu_ids=2
[    0.004000] NR_IRQS: 524544, nr_irqs: 440, preallocated irqs: 16
[    0.004000] Console: colour VGA+ 80x25
[    0.004000] console [tty1] enabled
[    0.004000] console [ttyS0] enabled
[    0.004000] ACPI: Core revision 20170831
<<<<<<< HEAD
[   0.004000] ACPI: 2 ACPAML tables successfully acquired and loaded
=======
<<<<<<< HEAD
[    0.004000] ACPI: 2 ACPI AML tables successfully acquired and loaded
>>>>>>> master
[    0.004000] APIC: Switch to symmetric I/O mode setup
[    0.004244] x2apic enabled
[    0.008007] Switched APIC routing to physical x2apic.
[    0.010972] ..TIMER: vector=0x30 apic1=0 pin1=2 apic2=-1 pin2=-1
[    0.016008] tsc: Detected 2303.998 MHz processor
[    0.018332] Calibrating delay loop (skipped) preset value.. 4607.99 BogoMIPS (lpj=9215992)
[    0.020007] pid_max: default: 32768 minimum: 301
[    0.024042] Security Framework initialized
[    0.025478] Yama: becoming mindful.
[    0.028053] AppArmor: AppArmor initialized
[    0.032135] Dentry cache hash table entries: 131072 (order: 8, 1048576 bytes)
[    0.036084] Inode-cache hash table entries: 65536 (order: 7, 524288 bytes)
[    0.040031] Mount-cache hash table entries: 2048 (order: 2, 16384 bytes)
[    0.044014] Mountpoint-cache hash table entries: 2048 (order: 2, 16384 bytes)
[    0.048347] mce: CPU supports 0 MCE banks
[    0.049904] Last level iTLB entries: 4KB 64, 2MB 8, 4MB 8
[    0.052005] Last level dTLB entries: 4KB 64, 2MB 0, 4MB 0, 1GB 4
[    0.056008] Spectre V2 : Mitigation: Full generic retpoline
[    0.060005] Spectre V2 : Spectre v2 / SpectreRSB mitigation: Filling RSB on context switch
[    0.064006] Speculative Store Bypass: Vulnerable
[    0.068094] MDS: Vulnerable: Clear CPU buffers attempted, no microcode
[    0.072084] Freeing SMP alternatives memory: 36K
[    0.080000] smpboot: CPU0: Intel(R) Core(TM) i5-7360U CPU @ 2.30GHz (family: 0x6, model: 0x8e, stepping: 0x9)
[    0.080102] Performance Events: unsupported p6 CPU model 142 no PMU driver, software events only.
[    0.084098] Hierarchical SRCU implementation.
[    0.092498] NMI watchdog: Perf event create on CPU 0 failed with -2
[    0.096007] NMI watchdog: Perf NMI watchdog permanently disabled
[    0.100082] smp: Bringing up secondary CPUs ...
[    0.104101] x86: Booting SMP configuration:
[    0.108008] .... node  #0, CPUs:      #1
[    0.004000] kvm-clock: cpu 1, msr 0:3ff44041, secondary cpu clock
[    0.004000] mce: CPU supports 0 MCE banks
[    0.188028] smp: Brought up 1 node, 2 CPUs
[    0.192011] smpboot: Max logical packages: 1
[    0.193552] smpboot: Total of 2 processors activated (9215.99 BogoMIPS)
[    0.196236] devtmpfs: initialized
[    0.200069] x86/mm: Memory block size: 128MB
[    0.204404] evm: security.selinux
[    0.206816] evm: security.SMACK64
[    0.208020] evm: security.SMACK64EXEC
[    0.212007] evm: security.SMACK64TRANSMUTE
[    0.216004] evm: security.SMACK64MMAP
[    0.220007] evm: security.apparmor
[    0.224007] evm: security.ima
[    0.225230] evm: security.capability
[    0.228140] clocksource: jiffies: mask: 0xffffffff max_cycles: 0xffffffff, max_idle_ns: 7645041785100000 ns
[    0.232299] futex hash table entries: 512 (order: 3, 32768 bytes)
[    0.236094] pinctrl core: initialized pinctrl subsystem
[    0.244109] RTC time: 10:50:08, date: 06/10/19
[    0.246543] NET: Registered protocol family 16
[    0.248084] audit: initializing netlink subsys (disabled)
[    0.252005] audit: type=2000 audit(1560163809.691:1): state=initialized audit_enabled=0 res=1
[    0.316013] cpuidle: using governor ladder
[    0.317553] cpuidle: using governor menu
[    0.318798] ACPI: bus type PCI registered
[    0.320009] acpiphp: ACPI Hot Plug PCI Controller Driver version: 0.5
[    0.324125] PCI: Using configuration type 1 for base access
[    0.329040] HugeTLB registered 2.00 MiB page size, pre-allocated 0 pages
[    0.332103] ACPI: Added _OSI(Module Device)
[    0.336010] ACPI: Added _OSI(Processor Device)
[    0.340007] ACPI: Added _OSI(3.0 _SCP Extensions)
[    0.344002] ACPI: Added _OSI(Processor Aggregator Device)
[    0.348012] ACPI: Added _OSI(Linux-Dell-Video)
[    0.349236] ACPI: Added _OSI(Linux-Lenovo-NV-HDMI-Audio)
[    0.352011] ACPI: Added _OSI(Linux-HPI-Hybrid-Graphics)
[    0.356472] ACPI: Executed 1 blocks of module-level executable AML code
[    0.367744] ACPI: Interpreter enabled
[    0.368025] ACPI: (supports S0 S5)
[    0.368996] ACPI: Using IOAPIC for interrupt routing
[    0.372260] PCI: Using host bridge windows from ACPI; if necessary, use "pci=nocrs" and report a bug
[    0.376715] ACPI: Enabled 2 GPEs in block 00 to 07
[    0.429150] ACPI: PCI Root Bridge [PCI0] (domain 0000 [bus 00-ff])
[    0.432255] acpi PNP0A03:00: _OSC: OS supports [ASPM ClockPM Segments MSI]
[    0.436284] acpi PNP0A03:00: _OSC: not requesting OS control; OS requires [ExtendedConfig ASPM ClockPM MSI]
[    0.440026] acpi PNP0A03:00: fail to add MMCONFIG information, can't access extended PCI configuration space under this bridge.
[    0.444515] PCI host bridge to bus 0000:00
[    0.448019] pci_bus 0000:00: root bus resource [io  0x0000-0x0cf7 window]
[    0.452017] pci_bus 0000:00: root bus resource [io  0x0d00-0xffff window]
[    0.456011] pci_bus 0000:00: root bus resource [mem 0x000a0000-0x000bffff window]
[    0.460011] pci_bus 0000:00: root bus resource [mem 0x40000000-0xfdffffff window]
[    0.464012] pci_bus 0000:00: root bus resource [bus 00-ff]
[    0.474210] pci 0000:00:01.1: legacy IDE quirk: reg 0x10: [io  0x01f0-0x01f7]
[    0.476000] pci 0000:00:01.1: legacy IDE quirk: reg 0x14: [io  0x03f6]
[    0.476012] pci 0000:00:01.1: legacy IDE quirk: reg 0x18: [io  0x0170-0x0177]
[    0.480015] pci 0000:00:01.1: legacy IDE quirk: reg 0x1c: [io  0x0376]
[    0.503401] pci 0000:00:07.0: quirk: [io  0x4000-0x403f] claimed by PIIX4 ACPI
[    0.504080] pci 0000:00:07.0: quirk: [io  0x4100-0x410f] claimed by PIIX4 SMB
[    0.521262] ACPI: PCI Interrupt Link [LNKA] (IRQs 5 9 10 *11)
[    0.524314] ACPI: PCI Interrupt Link [LNKB] (IRQs 5 9 *10 11)
[    0.528162] ACPI: PCI Interrupt Link [LNKC] (IRQs 5 *9 10 11)
[    0.532165] ACPI: PCI Interrupt Link [LNKD] (IRQs 5 9 10 *11)
[    0.536686] SCSI subsystem initialized
[    0.544079] pci 0000:00:02.0: vgaarb: setting as boot VGA device
[    0.548000] pci 0000:00:02.0: vgaarb: VGA device added: decodes=io+mem,owns=io+mem,locks=none
[    0.548012] pci 0000:00:02.0: vgaarb: bridge control possible
[    0.552067] vgaarb: loaded
[    0.556067] ACPI: bus type USB registered
[    0.558342] usbcore: registered new interface driver usbfs
[    0.560024] usbcore: registered new interface driver hub
[    0.564042] usbcore: registered new device driver usb
[    0.568094] EDAC MC: Ver: 3.0.0
[    0.572322] PCI: Using ACPI for IRQ routing
[    0.576858] NetLabel: Initializing
[    0.580003] NetLabel:  domain hash size = 128
[    0.581208] NetLabel:  protocols = UNLABELED CIPSOv4 CALIPSO
[    0.584040] NetLabel:  unlabeled traffic allowed by default
[    0.588102] clocksource: Switched to clocksource kvm-clock
[    0.602363] VFS: Disk quotas dquot_6.6.0
[    6220VF Dquotac hh blentries: 512 (order 0, 4096 bytes)
[   1049390] AppAor: AppArmor Filesystem Enabled
[    1.147797] pnp: PnP CP it  1.59] p:nPCP foud dece

[  1847]losource: acpi_pm: mask: 0xffffff max_cycles: 0xffffff,ma_ie_ns: 2085701024 ns

[    088422] NET: Registered protocol family 2

[    2.15816] TCP eabsh hh blenie 82 order: 4, 65536 bytes)
[    2.628489] P bind hash table entries: 8192 (order: 5, 131072 byte
  2.0655] TCP: Hash tables configured (establied19bind 19
  3.45] P hash table entries: 512 (ordr: 2, 16384 bte
  3.34] P-teash tae trs:12orr:, 384 bytes)
[   3687]ETReistered protol family 1[    4.276918] pci 0000:00:00.0: Limiting direct PCI/PCI trasfers
[    4.336155] pc 0000:00:01.0: Activating ISA DMA hang workaous    4.47261] pci 00:00:02.0: Video devicewith shadowed ROM at [mem 0x000c0000-0x000dff]
[  4925] Unpacking itrfs.
[    5.252505] Freeing initrd memory: 19512K
[    5.261156] clocksource: tsc: mask: 0xffffffffffffffff max_cycles: 0x2135f5e6f15, max_idle_ns: 440795231538 ns
[    5.310462] platform rtc_cmos: registered platform RTC device (no PNP device found)
[    5.381940] Scanning for low memory corruption every 60 seconds
[    5.398031] Initialise system trusted keyrings
[    5.399362] Key type blacklist registered
[    5.402031] workingset: timestamp_bits=36 max_order=18 bucket_order=0
[    5.405913] zbud: loaded
[    5.407209] squashfs: version 4.0 (2009/01/31) Phillip Lougher
[    5.409263] fuse init (API version 7.26)
[    5.413972] Key type asymmetric registered
[    5.416861] Asymmetric key parser 'x509' registered
[    5.421813] Block layer SCSI generic (bsg) driver version 0.4 loaded (major 246)
[    5.425124] io scheduler noop registered
[    5.433336] io scheduler deadline registered
[    5.435742] io scheduler cfq registered (default)
[    5.439675] ACPI: AC Adapter [AC] (off-line)
[    5.446916] input: Power Button as /devices/LNXSYSTM:00/LNXPWRBN:00/input/input0
[    5.455472] ACPI: Power Button [PWRF]
[    5.462117] input: Sleep Button as /devices/LNXSYSTM:00/LNXSLPBN:00/input/input1
[    5.484994] ACPI: Sleep Button [SLPF]
[    5.521297] ACPI: Battery Slot [BAT0] (battery present)
[    5.540788] Serial: 8250/16550 driver, 32 ports, IRQ sharing enabled
[    5.567297] 00:02: tty0 at I/O 0x3f8 (irq = 4, base_baud = 115200) is a 16550A
[    5.627264] Linux agpgart interface v0.103
[    5.632175] loop: module loaded
[    5.635379] scsi host0: ata_piix
[    5.636710] scsi host1: ata_piix
[    5.637605] ata1: PATA max UDMA/33 cmd 0x1f0 ctl 0x3f6 bmdma 0xd000 irq 14
[    5.642486] ata2: PATA max UDMA/33 cmd 0x170 ctl 0x376 bmdma 0xd008 irq 15
[    5.646798] libphy: Fixed MDIO Bus: probed
[    5.647994] tun: Universal TUN/TAP device driver, 1.6
[    5.650111] PPP generic driver version 2.4.2
[    5.651478] ehci_hcd: USB 2.0 'Enhanced' Host Controller (EHCI) Driver
[    5.653412] ehci-pci: EHCI PCI platform driver
[    5.660685] ehci-platform: EHCI generic platform driver
[    5.670818] ohci_hcd: USB 1.1 'Open' Host Controller (OHCI) Driver
[    5.686393] ohci-pci: OHCI PCI platform driver
[    5.693832] ohci-platform: OHCI generic platform driver
[    5.701154] uhci_hcd: USB Universal Host Controller Interface driver
[    5.717016] i8042: PNP: PS/2 Controller [PNP0303:PS2K,PNP0f03:PS2M] at 0x60,0x64 irq 1,12
[    5.738716] serio: i8042 KBD port at 0x60,0x64 irq 1
[    5.780665] serio: i8042 AUX port at 0x60,0x64 irq 12
[    5.793120] mousedev: PS/2 mouse device common for all mice
[    5.846724] rtc_cmos rtc_cmos: rtc core: registered rtc_cmos as rtc0
[    5.922139] rtc_cmos rtc_cmos: alarms up to one day, 114 bytes nvram
[    5.946208] input: AT Translated Set 2 keyboard as /devices/platform/i8042/serio0/input/input2
[    5.953417] i2c /d eri dve

[    6.184 dice-mapper: uevent: version 1.0.3
[    6.344645] device-mapper: ioctl: 4.37.0-ioctl (2017-09-20) initialised: dm-devel@redhat.com
[    6.382478] ledtrig-cpu: registered to indicate activity on CPUs
[    6.395918] NET: Registered protocol family 10
[    6.444949] Segment Routing with IPv6
[    6.462658] NET: Registered protocol family 17
[    6.470988] Key type dns_resolver registered
[    6.494349] RAS: Correctable Errors collector initialized.
[    6.501320] sched_clock: Marking stable (6501290869, 0)->(12639529033, -6138238164)
[    6.504183] registered taskstats version 1
[    6.505490] Loading compiled-in X.509 certificates
[    6.510843] Loaded X.509 cert 'Build time autogenerated kernel key: c1fa4cde9d34780ae4ae655b856adc042b663c06'
[    6.513665] zswap: loaded using pool lzo/zbud
[    6.518163] Key type big_key registered
[    6.519383] Key type trusted registered
[    6.522095] Key type encrypted registered
[    6.523651] AppArmor: AppArmor sha1 policy hashing enabled
[    6.525040] ima: No TPM chip found, activating TPM-bypass! (rc=-19)
[    6.526675] ima: Allocated hash algorithm: sha1
[    6.528201] evm: HMAC attrs: 0x1
[    6.530626]   Magic number: 7:597:830
[    6.533444] rtc_cmos rtc_cmos: setting system clock to 2019-06-10 10:50:15 UTC (1560163815)
[    6.547534] BIOS EDD facility v0.16 2004-Jun-25, 0 devices found
[    6.560894] EDD information not available.
[    6.577352] Freeing unused kernel image memory: 2408K
[    6.604394] Write protecting the kernel read-only data: 20480k
[    6.630387] Freeing unused kernel image memory: 2008K
[    6.632149] Freeing unused kernel image memory: 1872K
[    7.460759] x86/mm: Checked W+X mappings: passed, no W+X pages found.
[    7.624058] x86/mm: Checking user space page tables
[    7.630951] x86/mm: Checked W+X mappings: passed, no W+X pages found.
Loading, please wait...
starting version 237
[    7.817771] Fusion MPT base driver 3.04.20
[    7.818996] Copyright (c) 1999-2008 LSI Corporation
[    7.820975] e1000: Intel(R) PRO/1000 Network Driver - version 7.3.21-k8-NAPI
[    7.822432] e1000: Copyright (c) 1999-2006 Intel Corporation.
[    7.825644] AVX2 version of gcm_enc/dec engaged.
[    7.826738] AES CTR mode by8 optimization enabled
[    7.832070] Fusion MPT SPI Host driver 3.04.20
[    8.024771] input: ImExPS/2 Generic Explorer Mouse as /devices/platform/i8042/serio1/input/input4
[    8.244429] e1000 0000:00:03.0 eth0: (PCI:33MHz:32-bit) 02:89:59:7e:34:d3
[    8.354171] e1000 0000:00:03.0 eth0: Intel(R) PRO/1000 Network Connection
[    8.445807] mptbase: ioc0: Initiating bringup
[    8.613746] ioc0: LSI53C1030 A0: Capabilities={Initiator}
[    8.889416] scsi host2: ioc0: LSI53C1030 A0, FwRev=00000000h, Ports=1, MaxQ=256, IRQ=20
[    9.077815] scsi 2:0:0:0: Direct-Access     VBOX     HARDDISK         1.0  PQ: 0 ANSI: 5
[    9.444554] scsi target2:0:0: Beginning Domain Validation
[    9.448991] scsi target2:0:0: Domain Validation skipping write tests
[    9.466934] scsi target2:0:0: Ending Domain Validation
[    9.468514] scsi target2:0:0: asynchronous
[    9.470152] scsi 2:0:1:0: Direct-Access     VBOX     HARDDISK         1.0  PQ: 0 ANSI: 5
[    9.478004] e1000 0000:00:08.0 eth1: (PCI:33MHz:32-bit) 08:00:27:28:aa:e7
[    9.564921] e1000 0000:00:08.0 eth1: Intel(R) PRO/1000 Network Connection
[    9.627198] e1000 0000:00:03.0 enp0s3: renamed from eth0
[    9.644753] e1000 0000:00:08.0 enp0s8: renamed from eth1
[    9.660009] scsi target2:0:1: Beginning Domain Validation
[    9.716681] random: fast init done
[    9.719067] scsi target2:0:1: Domain Validation skipping write tests
[    9.720820] scsi target2:0:1: Ending Domain Validation
[    9.721959] scsi target2:0:1: asynchronous
[    9.727818] random: systemd-udevd: uninitialized urandom read (16 bytes read)
[    9.728733] random: systemd-udevd: uninitialized urandom read (16 bytes read)
[    9.740212] sd 2:0:0:0: Attached scsi generic sg0 type 0
[    9.740349] sd 2:0:1:0: Attached scsi generic sg1 type 0
[    9.814703] random: systemd-udevd: uninitialized urandom read (16 bytes read)
[    9.822875] sd 2:0:1:0: [sdb] 20480 512-byte logical blocks: (10.5 MB/10.0 MiB)
[    9.825014] sd 2:0:0:0: [sda] 20971520 512-byte logical blocks: (10.7 GB/10.0 GiB)
[    9.837738] sd 2:0:1:0: [sdb] Write Protect is off
[    9.841801] sd 2:0:0:0: [sda] Write Protect is off
[    9.844802] sd 2:0:1:0: [sdb] Incomplete mode parameter data
[    9.852257] sd 2:0:1:0: [sdb] Assuming drive cache: write through
[    9.852489] sd 2:0:0:0: [sda] Incomplete mode parameter data
[    9.852491] sd 2:0:0:0: [sda] Assuming drive cache: write through
[    9.867201]  sda: sda1
[    9.870306] sd 2:0:0:0: [sda] Attached SCSI disk
[    9.875456] sd 2:0:1:0: [sdb] Attached SCSI disk
Begin: Loading essential drivers ... [   11.336498] raid6: sse2x1   gen() 11386 MB/s
[   11.429081] raid6: sse2x1   xor()  8709 MB/s
[   11.488514] raid6: sse2x2   gen() 14153 MB/s
[   11.536710] raid6: sse2x2   xor()  9407 MB/s
[   11.593883] raid6: sse2x4   gen() 16878 MB/s
[   11.668224] raid6: sse2x4   xor() 10093 MB/s
[   11.760250] raid6: avx2x1   gen() 22996 MB/s
[   11.824262] raid6: avx2x1   xor() 15701 MB/s
[   11.896520] raid6: avx2x2   gen() 28385 MB/s
[   11.960528] raid6: avx2x2   xor() 17572 MB/s
[   12.029095] raid6: avx2x4   gen() 32715 MB/s
[   12.092078] raid6: avx2x4   xor() 13714 MB/s
[   12.094045] raid6: using algorithm avx2x4 gen() 32715 MB/s
[   12.097620] raid6: .... xor() 13714 MB/s, rmw enabled
[   12.104916] raid6: using avx2x2 recovery algorithm
[   12.116420] xor: automatically using best checksumming function   avx       
[   12.132534] async_tx: api initialized (async)
done.
Begin: Running /scripts/init-premount ... done.
Begin: Mounting root file system ... Begin: Running /scripts/local-top ... done.
Begin: Running /scripts/local-premount ... [   12.181537] Btrfs loaded, crc32c=crc32c-intel
Scanning for Btrfs filesystems
done.
Warning: fsck not present, so skipping root file system
[   12.217057] EXT4-fs (sda1): mounted filesystem with ordered data mode. Opts: (null)
done.
Begin: Running /scripts/local-bottom ... done.
Begin: Running /scripts/init-bottom ... done.
<<<<<<< HEAD
[   12.460626] ip_tables: (C) 2000-2006 Netfilter Core Team
[   13.137551] systemd[1]: systemd 237 running in system mode. (+PAM +AUDIT +SELINUX +IMA +APPARMOR +SMACK +SYSVINIT +UTMP +LIBCRYPTSETUP +GCRYPT +GNUTLS +ACL +XZ +LZ4 +SECCOMP +BLKID +ELFUTILS +KMOD -IDN2 +IDN -PCRE2 default-hierarchy=hybrid)
[   13.627841] systemd[1]: Detected virtualization oracle.
[   13.634926] systemd[1]: Detected architecture x86-64.
=======
[   15.568751] ip_tables: (C) 2000-2006 Netfilter Core Team
[   15.584736] systemd[1]: systemd 237 running in system mode. (+PAM +AUDIT +SELINUX +IMA +APPARMOR +SMACK +SYSVINIT +UTMP +LIBCRYPTSETUP +GCRYPT +GNUTLS +ACL +XZ +LZ4 +SECCOMP +BLKID +ELFUTILS +KMOD -IDN2 +IDN -PCRE2 default-hierarchy=hybrid)
[   15.896372] systemd[1]: Detected virtualization oracle.
[   15.897767] systemd[1]: Detected architecture x86-64.
=======
    0.004000] ACPI: 2 ACPI AML tables successfully acquired and loaded
[    0.004000] APIC: Switch to symmetric I/O mode setup
[    0.004428] x2apic enabled
[    0.008006] Switched APIC routing to physical x2apic.
[    0.013176] ..TIMER: vector=0x30 apic1=0 pin1=2 apic2=-1 pin2=-1
[    0.016004] tsc: Detected 1599.999 MHz processor
[    0.017686] Calibrating delay loop (skipped) preset value.. 3199.99 BogoMIPS (lpj=6399996)
[    0.020003] pid_max: default: 32768 minimum: 301
[    0.024042] Security Framework initialized
[    0.025674] Yama: becoming mindful.
[    0.027005] AppArmor: AppArmor initialized
[    0.030617] Dentry cache hash table entries: 131072 (order: 8, 1048576 bytes)
[    0.032086] Inode-cache hash table entries: 65536 (order: 7, 524288 bytes)
[    0.036025] Mount-cache hash table entries: 2048 (order: 2, 16384 bytes)
[    0.040009] Mountpoint-cache hash table entries: 2048 (order: 2, 16384 bytes)
[    0.043227] mce: CPU supports 0 MCE banks
[    0.044021] Last level iTLB entries: 4KB 64, 2MB 8, 4MB 8
[    0.048005] Last level dTLB entries: 4KB 64, 2MB 0, 4MB 0, 1GB 4
[    0.050199] Spectre V2 : Mitigation: Full generic retpoline
[    0.052004] Spectre V2 : Spectre v2 / SpectreRSB mitigation: Filling RSB on context switch
[    0.056002] Speculative Store Bypass: Vulnerable
[    0.058209] MDS: Vulnerable: Clear CPU buffers attempted, no microcode
[    0.060101] Freeing SMP alternatives memory: 36K
[    0.068000] smpboot: CPU0: Intel(R) Core(TM) i5-5250U CPU @ 1.60GHz (family: 0x6, model: 0x3d, stepping: 0x4)
[    0.068099] Performance Events: unsupported p6 CPU model 61 no PMU driver, software events only.
[    0.072042] Hierarchical SRCU implementation.
[    0.076698] NMI watchdog: Perf event create on CPU 0 failed with -2
[    0.078957] NMI watchdog: Perf NMI watchdog permanently disabled
[    0.080055] smp: Bringing up secondary CPUs ...
[    0.081814] x86: Booting SMP configuration:
[    0.084003] .... node  #0, CPUs:      #1
[    0.004000] kvm-clock: cpu 1, msr 0:3ff44041, secondary cpu clock
[    0.004000] mce: CPU supports 0 MCE banks
[    0.092031] smp: Brought up 1 node, 2 CPUs
[    0.096008] smpboot: Max logical packages: 1
[    0.100006] smpboot: Total of 2 processors activated (6399.99 BogoMIPS)
[    0.104161] devtmpfs: initialized
[    0.108070] x86/mm: Memory block size: 128MB
[    0.112175] evm: security.selinux
[    0.116005] evm: security.SMACK64
[    0.117356] evm: security.SMACK64EXEC
[    0.118737] evm: security.SMACK64TRANSMUTE
[    0.120004] evm: security.SMACK64MMAP
[    0.121417] evm: security.apparmor
[    0.122704] evm: security.ima
[    0.124003] evm: security.capability
[    0.125520] clocksource: jiffies: mask: 0xffffffff max_cycles: 0xffffffff, max_idle_ns: 7645041785100000 ns
[    0.128011] futex hash table entries: 512 (order: 3, 32768 bytes)
[    0.132067] pinctrl core: initialized pinctrl subsystem
[    0.136158] RTC time: 16:09:39, date: 06/09/19
[    0.140232] NET: Registered protocol family 16
[    0.144097] audit: initializing netlink subsys (disabled)
[    0.148013] audit: type=2000 audit(1560096591.415:1): state=initialized audit_enabled=0 res=1
[    0.148213] cpuidle: using governor ladder
[    0.152011] cpuidle: using governor menu
[    0.153521] ACPI: bus type PCI registered
[    0.156003] acpiphp: ACPI Hot Plug PCI Controller Driver version: 0.5
[    0.158542] PCI: Using configuration type 1 for base access
[    0.161166] HugeTLB registered 2.00 MiB page size, pre-allocated 0 pages
[    0.164095] ACPI: Added _OSI(Module Device)
[    0.165662] ACPI: Added _OSI(Processor Device)
[    0.168007] ACPI: Added _OSI(3.0 _SCP Extensions)
[    0.169921] ACPI: Added _OSI(Processor Aggregator Device)
[    0.172005] ACPI: Added _OSI(Linux-Dell-Video)
[    0.173690] ACPI: Added _OSI(Linux-Lenovo-NV-HDMI-Audio)
[    0.176006] ACPI: Added _OSI(Linux-HPI-Hybrid-Graphics)
[    0.180609] ACPI: Executed 1 blocks of module-level executable AML code
[    0.190495] ACPI: Interpreter enabled
[    0.192028] ACPI: (supports S0 S5)
[    0.194206] ACPI: Using IOAPIC for interrupt routing
[    0.196307] PCI: Using host bridge windows from ACPI; if necessary, use "pci=nocrs" and report a bug
[    0.200321] ACPI: Enabled 2 GPEs in block 00 to 07
[    0.211405] ACPI: PCI Root Bridge [PCI0] (domain 0000 [bus 00-ff])
[    0.212014] acpi PNP0A03:00: _OSC: OS supports [ASPM ClockPM Segments MSI]
[    0.216036] acpi PNP0A03:00: _OSC: not requesting OS control; OS requires [ExtendedConfig ASPM ClockPM MSI]
[    0.220021] acpi PNP0A03:00: fail to add MMCONFIG information, can't access extended PCI configuration space under this bridge.
[    0.224722] PCI host bridge to bus 0000:00
[    0.228006] pci_bus 0000:00: root bus resource [io  0x0000-0x0cf7 window]
[    0.232005] pci_bus 0000:00: root bus resource [io  0x0d00-0xffff window]
[    0.234439] pci_bus 0000:00: root bus resource [mem 0x000a0000-0x000bffff window]
[    0.236005] pci_bus 0000:00: root bus resource [mem 0x40000000-0xfdffffff window]
[    0.240004] pci_bus 0000:00: root bus resource [bus 00-ff]
[    0.247982] pci 0000:00:01.1: legacy IDE quirk: reg 0x10: [io  0x01f0-0x01f7]
[    0.248007] pci 0000:00:01.1: legacy IDE quirk: reg 0x14: [io  0x03f6]
[    0.252005] pci 0000:00:01.1: legacy IDE quirk: reg 0x18: [io  0x0170-0x0177]
[    0.256005] pci 0000:00:01.1: legacy IDE quirk: reg 0x1c: [io  0x0376]
[    0.289263] pci 0000:00:07.0: quirk: [io  0x4000-0x403f] claimed by PIIX4 ACPI
[    0.292036] pci 0000:00:07.0: quirk: [io  0x4100-0x410f] claimed by PIIX4 SMB
[    0.316864] ACPI: PCI Interrupt Link [LNKA] (IRQs 5 9 10 *11)
[    0.320437] ACPI: PCI Interrupt Link [LNKB] (IRQs 5 9 *10 11)
[    0.324211] ACPI: PCI Interrupt Link [LNKC] (IRQs 5 *9 10 11)
[    0.328239] ACPI: PCI Interrupt Link [LNKD] (IRQs 5 9 10 *11)
[    0.332511] SCSI subsystem initialized
[    0.336064] pci 0000:00:02.0: vgaarb: setting as boot VGA device
[    0.338242] pci 0000:00:02.0: vgaarb: VGA device added: decodes=io+mem,owns=io+mem,locks=none
[    0.340009] pci 0000:00:02.0: vgaarb: bridge control possible
[    0.342073] vgaarb: loaded
[    0.344044] ACPI: bus type USB registered
[    0.345620] usbcore: registered new interface driver usbfs
[    0.348011] usbcore: registered new interface driver hub
[    0.349970] usbcore: registered new device driver usb
[    0.352063] EDAC MC: Ver: 3.0.0
[    0.353779] PCI: Using ACPI for IRQ routing
[    0.356534] NetLabel: Initializing
[    0.358197] NetLabel:  domain hash size = 128
[    0.360005] NetLabel:  protocols = UNLABELED CIPSOv4 CALIPSO
[    0.364031] NetLabel:  unlabeled traffic allowed by default
[    0.366536] clocksource: Switched to clocksource kvm-clock
[    0.382017] VFS: Disk quotas dquot_6.6.0
[    0.384647] VFS: Dquot-cache hash table entries: 512 (order 0, 4096 bytes)
[    0.388383] AppArmor: AppArmor Filesystem Enabled
[    0.390295] pnp: PnP ACPI init
[    0.393479] pnp: PnP ACPI: found 3 devices
[    0.408323] locksource: acpi_pm: mask: 0xffffff max_cycles: 0xffffff, max_idle_ns: 2085701024 ns
[    0.438425] NET: Registered protocol family 2

[    0.442420] TCP established hash table entries: 8192 (order: 4, 65536 bytes)
[    0.448684] TCP bind hash table entries: 8192 (order: 5, 131072 bytes)
[    0.451030] TCP: Hash tables configured (established 8192 bind 8192)
[    0.453543] UDP hash table entries: 512 (order: 2, 16384 bytes)
[    0.455686] UDP-Lite hash table entries: 512 (order: 2, 16384 bytes)
[    0.458045] NET: Registered protocol family 1
[    0.459662] pci 0000:00:00.0: Limiting direct PCIPCI transfrs
[    0.512333] pci 0000:00:01.0: Activating ISA DMA hang workarounds
[    0.515939] pci 0000:00:02.0: Video device with shadowed ROMat [mem 0x000c0000-0x000dffff]
[    0545345] Unpacking initrams...

[    1.010373] Freeing initrd memory: 19512K
[    1.014083] clocksource: tsc: mask: 0xffffffffffffffff max_cycles: 0x171023f09ff, max_idle_ns: 440795233615 ns
[    1.018285] platform rtc_cmos: registered platform RTC device (no PNP device found)
[    1.021145] Scanning for low memory corruption every 60 seconds
[    1.024202] Initialise system trusted keyrings
[    1.025861] Key type blacklist registered
[    1.027469] workingset: timestamp_bits=36 max_order=18 bucket_order=0
[    1.030930] zbud: loaded
[    1.032909] squashfs: version 4.0 (2009/01/31) Phillip Lougher
[    1.035336] fuse init (API version 7.26)
[    1.041541] Key type asymmetric registered
[    1.043063] Asymmetric key parser 'x509' registered
[    1.044899] Block layer SCSI generic (bsg) driver version 0.4 loaded (major 246)
[    1.047719] io scheduler noop registered
[    1.049229] io scheduler deadline registered
[    1.050845] io scheduler cfq registered (default)
[    1.053221] ACPI: AC Adapter [AC] (off-line)
[    1.054909] input: Power Button as /devices/LNXSYSTM:00/LNXPWRBN:00/input/input0
[    1.057703] ACPI: Power Button [PWRF]
[    1.059195] input: Sleep Button as /devices/LNXSYSTM:00/LNXSLPBN:00/input/input1
[    1.061975] ACPI: Sleep Button [SLPF]
[    1.065554] ACPI: Battery Slot [BAT0] (battery present)
[    1.067506] Serial: 8250/16550 driver, 32 ports, IRQ sharing enabled
[    1.096896] 00:02: ttyS0 at I/O 0x3f8 (irq = 4, base_baud = 115200) is a 16550A
[    1.120702] Linux agpgart interface v0.103
[    1.126855] loop: module loaded
[    1.129758] scsi host0: ata_piix
[    1.131277] scsi host1: ata_piix
[    1.132850] ata1: PATA max UDMA/33 cmd 0x1f0 ctl 0x3f6 bmdma 0xd000 irq 14
[    1.135635] ata2: PATA max UDMA/33 cmd 0x170 ctl 0x376 bmdma 0xd008 irq 15
[    1.139062] libphy: Fixed MDIO Bus: probed
[    1.140891] tun: Universal TUN/TAP device driver, 1.6
[    1.142933] PPP generic driver version 2.4.2
[    1.145198] ehci_hcd: USB 2.0 'Enhanced' Host Controller (EHCI) Driver
[    1.161272] ehci-pci: EHCI PCI platform driver
[    1.173886] ehci-platform: EHCI generic platform driver
[    1.178190] ohci_hcd: USB 1.1 'Open' Host Controller (OHCI) Driver
[    1.180529] ohci-pci: OHCI PCI platform driver
[    1.182223] ohci-platform: OHCI generic platform driver
[    1.184648] uhci_hcd: USB Universal Host Controller Interface driver
[    1.190401] i8042: PNP: PS/2 Controller [PNP0303:PS2K,PNP0f03:PS2M] at 0x60,0x64 irq 1,12
[    1.196248] serio: i8042 KBD port at 0x60,0x64 irq 1
[    1.198717] serio: i8042 AUX port at 0x60,0x64 irq 12
[    1.201070] mousedev: PS/2 mouse device common for all mice
[    1.204373] rtc_cmos rtc_cmos: rtc core: registered rtc_cmos as rtc0
[    1.206783] input: AT Translated Set 2 keyboard as /devices/platform/i8042/serio0/input/input2
[    1.208128] rtc_cmos rtc_cmos: alarms up to one day, 114 bytes nvram
[    1.208140] i2c /dev entries driver
[    1.208205] device-mapper: uevent: version 1.0.3
[    1.208266] device-mapper: ioctl: 4.37.0-ioctl (2017-09-20) initialised: dm-devel@redhat.com
[    1.218976] ledtrig-cpu: registered to indicate activity on CPUs
[    1.222543] NET: Registered protocol family 10
[    1.228694] Segment Routing with IPv6
[    1.231010] NET: Registered protocol family 17
[    1.233234] Key type dns_resolver registered
[    1.235412] RAS: Correctable Errors collector initialized.
[    1.237520] sched_clock: Marking stable (1237494333, 0)->(1904272920, -666778587)
[    1.241935] registered taskstats version 1
[    1.243479] Loading compiled-in X.509 certificates
[    1.248230] Loaded X.509 cert 'Build time autogenerated kernel key: c1fa4cde9d34780ae4ae655b856adc042b663c06'
[    1.251816] zswap: loaded using pool lzo/zbud
[    1.258255] Key type big_key registered
[    1.260710] Key type trusted registered
[    1.264677] Key type encrypted registered
[    1.266209] AppArmor: AppArmor sha1 policy hashing enabled
[    1.268264] ima: No TPM chip found, activating TPM-bypass! (rc=-19)
[    1.270694] ima: Allocated hash algorithm: sha1
[    1.272620] evm: HMAC attrs: 0x1
[    1.274395]   Magic number: 7:987:185
[    1.275903] rtc_cmos rtc_cmos: setting system clock to 2019-06-09 16:09:41 UTC (1560096581)
[    1.279246] BIOS EDD facility v0.16 2004-Jun-25, 0 devices found
[    1.281492] EDD information not available.
[    1.304915] Freeing unused kernel image memory: 2408K
[    1.320573] Write protecting the kernel read-only data: 20480k
[    1.336187] Freeing unused kernel image memory: 2008K
[    1.339478] Freeing unused kernel image memory: 1872K
[    1.348236] x86/mm: Checked W+X mappings: passed, no W+X pages found.
[    1.356532] x86/mm: Checking user space page tables
[    1.373842] x86/mm: Checked W+X mappings: passed, no W+X pages found.
Loading, please wait...
starting version 237
[    1.481949] e1000: Intel(R) PRO/1000 Network Driver - version 7.3.21-k8-NAPI
[    1.485284] e1000: Copyright (c) 1999-2006 Intel Corporation.
[    1.490884] Fusion MPT base driver 3.04.20
[    1.492805] Copyright (c) 1999-2008 LSI Corporation
[    1.506023] AVX2 version of gcm_enc/dec engaged.
[    1.507938] AES CTR mode by8 optimization enabled
[    1.525610] Fusion MPT SPI Host driver 3.04.20
[    1.728457] input: ImExPS/2 Generic Explorer Mouse as /devices/platform/i8042/serio1/input/input4
[    2.076339] e1000 0000:00:03.0 eth0: (PCI:33MHz:32-bit) 02:fc:ab:43:0a:1b
[    2.080727] e1000 0000:00:03.0 eth0: Intel(R) PRO/1000 Network Connection
[    2.084721] mptbase: ioc0: Initiating bringup
[    2.414303] ioc0: LSI53C1030 A0: Capabilities={Initiator}
[    3.541628] scsi host2: ioc0: LSI53C1030 A0, FwRev=00000000h, Ports=1, MaxQ=256, IRQ=20
[    4.188304] scsi 2:0:0:0: Direct-Access     VBOX     HARDDISK         1.0  PQ: 0 ANSI: 5
[    4.229188] scsi target2:0:0: Beginning Domain Validation
[    4.297198] scsi target2:0:0: Domain Validation skipping write tests
[    4.307302] scsi target2:0:0: Ending Domain Validation
[    4.315390] scsi target2:0:0: asynchronous
[    4.318687] scsi 2:0:1:0: Direct-Access     VBOX     HARDDISK         1.0  PQ: 0 ANSI: 5
[    4.668479] scsi target2:0:1: Beginning Domain Validation
[    4.674447] random: fast init done
[    4.676644] scsi target2:0:1: Domain Validation skipping write tests
[    4.678920] scsi target2:0:1: Ending Domain Validation
[    4.681014] scsi target2:0:1: asynchronous
[    4.688546] sd 2:0:0:0: Attached scsi generic sg0 type 0
[    4.691257] sd 2:0:1:0: Attached scsi generic sg1 type 0
[    4.693976] random: systemd-udevd: uninitialized urandom read (16 bytes read)
[    4.693993] random: systemd-udevd: uninitialized urandom read (16 bytes read)
[    4.693996] random: systemd-udevd: uninitialized urandom read (16 bytes read)
[    4.707417] e1000 0000:00:08.0 eth1: (PCI:33MHz:32-bit) 08:00:27:4e:32:7e
[    4.707425] e1000 0000:00:08.0 eth1: Intel(R) PRO/1000 Network Connection
[    4.712513] e1000 0000:00:08.0 enp0s8: renamed from eth1
[    4.726922] sd 2:0:1:0: [sdb] 20480 512-byte logical blocks: (10.5 MB/10.0 MiB)
[    4.733005] sd 2:0:0:0: [sda] 20971520 512-byte logical blocks: (10.7 GB/10.0 GiB)
[    4.738034] e1000 0000:00:03.0 enp0s3: renamed from eth0
[    4.740424] sd 2:0:0:0: [sda] Write Protect is off
[    4.743154] sd 2:0:1:0: [sdb] Write Protect is off
[    4.756475] sd 2:0:0:0: [sda] Incomplete mode parameter data
[    4.759092] sd 2:0:0:0: [sda] Assuming drive cache: write through
[    4.761321] sd 2:0:1:0: [sdb] Incomplete mode parameter data
[    4.761322] sd 2:0:1:0: [sdb] Assuming drive cache: write through
[    4.764967] sd 2:0:1:0: [sdb] Attached SCSI disk
[    4.778299]  sda: sda1
[    4.782493] sd 2:0:0:0: [sda] Attached SCSI disk
Begin: Loading essential drivers ... [    6.368558] raid6: sse2x1   gen()  6988 MB/s
[    6.424136] raid6: sse2x1   xor()  4751 MB/s
[    6.472097] raid6: sse2x2   gen()  8023 MB/s
[    6.520227] raid6: sse2x2   xor()  2218 MB/s
[    6.572330] raid6: sse2x4   gen()  2920 MB/s
[    6.625917] raid6: sse2x4   xor()  7129 MB/s
[    6.676317] raid6: avx2x1   gen() 15195 MB/s
[    6.724113] raid6: avx2x1   xor() 10390 MB/s
[    6.772588] raid6: avx2x2   gen() 19615 MB/s
[    6.822240] raid6: avx2x2   xor() 11545 MB/s
[    6.880323] raid6: avx2x4   gen() 22595 MB/s
[    6.931537] raid6: avx2x4   xor() 15399 MB/s
[    6.933982] raid6: using algorithm avx2x4 gen() 22595 MB/s
[    6.937423] raid6: .... xor() 15399 MB/s, rmw enabled
[    6.940055] raid6: using avx2x2 recovery algorithm
[    6.943599] xor: automatically using best checksumming function   avx       
[    6.948993] async_tx: api initialized (async)
done.
Begin: Running /scripts/init-premount ... done.
Begin: Mounting root file system ... Begin: Running /scripts/local-top ... done.
Begin: Running /scripts/local-premount ... [    7.014433] Btrfs loaded, crc32c=crc32c-intel
Scanning for Btrfs filesystems
done.
Warning: fsck not present, so skipping root file system
[    7.111188] EXT4-fs (sda1): mounted filesystem with ordered data mode. Opts: (null)
done.
Begin: Running /scripts/local-bottom ... done.
Begin: Running /scripts/init-bottom ... done.
[    7.905062] ip_tables: (C) 2000-2006 Netfilter Core Team
[    7.951459] systemd[1]: systemd 237 running in system mode. (+PAM +AUDIT +SELINUX +IMA +APPARMOR +SMACK +SYSVINIT +UTMP +LIBCRYPTSETUP +GCRYPT +GNUTLS +ACL +XZ +LZ4 +SECCOMP +BLKID +ELFUTILS +KMOD -IDN2 +IDN -PCRE2 default-hierarchy=hybrid)
[    7.960471] systemd[1]: Detected virtualization oracle.
[    7.962399] systemd[1]: Detected architecture x86-64.
>>>>>>> c0fb8b7d2afb5f3fef4ddfa8fffbc1c93f9eea8a
>>>>>>> master

Welcome to [1mUbuntu 18.04.1 LTS[0m!

<<<<<<< HEAD
[   13.673483] systemd[1]: Set hostname to <ubuntu-bionic>.
[   13.960186] systemd[1]: Reached target System Time Synchronized.
[[0;32m  OK  [0m] Reached target System Time Synchronized.
[   14.014529] systemd[1]: Reached target User and Group Name Lookups.
[[0;32m  OK  [0m] Reached target User and Group Name Lookups.
[   14.140375] systemd[1]: Started Forward Password Requests to Wall Directory Watch.
=======
<<<<<<< HEAD
[   15.908443] systemd[1]: Set hostname to <ubuntu-bionic>.
[   16.198134] systemd[1]: Created slice User and Session Slice.
[[0;32m  OK  [0m] Created slice User and Session Slice.
[   16.240672] systemd[1]: Reached target Swap.
[[0;32m  OK  [0m] Reached target Swap.
[   16.732488] systemd[1]: Started Forward Password Requests to Wall Directory Watch.
>>>>>>> master
[[0;32m  OK  [0m] Started Forward Password Requests to Wall Directory Watch.
[   14.354787] systemd[1]: Created slice User and Session Slice.
[[0;32m  OK  [0m] Created slice User and Session Slice.
[   14.397259] systemd[1]: Set up automount Arbitrary Executable File Formats File System Automount Point.
[[0;32m  OK  [0m] Set up automount Arbitrary Executabrmats File System Automount Point.
[   15.580683] systemd[1]: Reached target Swap.
[[0;32m  OK  [0m] Reached target Swap.
[[0;32m  OK  [0m] Created slice System Slice.
[[0;32m  OK  [0m] Listening on Journal Socket.
         Mounting Kernel Debug File System...
         Starting Load Kernel Modules...
[[0;32m  OK  [0m] Listening on Device-mapper event daemon FIFO[   15.643955] Loading iSCSI transport class v2.0-870.
s.
[[0;32m  OK  [0m] Listening on Journal Socket (/dev/log).
[[0;32m  OK  [0m] Listening on udev Kernel Socket.
[[0;32m  OK  [0m] Listening on Syslog Socket.[   15.668610] iscsi: registered transport (tcp)

[[0;32m  OK  [0m] Reached target Slices.
[[0;32m  OK  [0m] Listening on udev Control Socket.
         Starting udev Coldplug all Devices...
         Starting Uncomplicated firewall...
         Mounting Huge Pages File System...
[[0;32m  OK  [0m] Created slice system-serial\x2dgetty.slice.
[   15.730295] iscsi: registered transport (iser)
         Mounting POSIX Message Queue File System...
[[0;32m  OK  [0m] Listening on Network Service Netlink Socket.
         Starting Remount Root and Kernel File Systems...
[[0;32m  OK  [0m] Listening on [   15.773582] EXT4-fs (sda1): re-mounted. Opts: (null)
Journal Audit Socket.
[[0;32m  OK  [0m] Listening on LVM2 metadata daemon socket.
         Starting Monitoring of LVM2 mirrorsng dmeventd or progress polling...
[[0;32m  OK  [0m] Listening on LVM2 poll daemon socket.
         Starting Set the console keyboard layout...
         Starting Create list of required stce nodes for the current kernel...
[[0;32m  OK  [0m] Listening on /dev/initctl Compatibility Named Pipe.
         Starting Journal Service...
[[0;32m  OK  [0m] Mounted Kernel Debug File System.
[[0;32m  OK  [0m] Started Load Kernel Modules.
<<<<<<< HEAD
[[0;32m  OK  [0m] Started Uncomplicated firewall.
[[0;32m  OK  [0m] Mounted Huge Pages File System.
[[0;32m  OK  [0m] Started Journal Service.
=======
=======
[    7.983817] systemd[1]: Set hostname to <ubuntu-bionic>.
[    9.298116] systemd[1]: Created slice System Slice.
[[0;32m  OK  [0m] Created slice System Slice.
[    9.314728] systemd[1]: Reached target System Time Synchronized.
[[0;32m  OK  [0m] Reached target System Time Synchronized.
[    9.324095] systemd[1]: Listening on Journal Socket.
[[0;32m  OK  [0m] Listening on Journal Socket.
[    9.331143] systemd[1]: Mounting POSIX Message Queue File System...
         Mounting POSIX Message Queue File System...
[    9.336566] systemd[1]: Created slice User and Session Slice.
[[0;32m  OK  [0m] Created slice User and Session Slice.
[    9.341396] systemd[1]: Started Forward Password Requests to Wall Directory Watch.
[[0;32m  OK  [0m] Started Forward Password Requests to Wall Directory Watch.
[[0;32m  OK  [0m] Reached target Slices.
[[0;32m  OK  [0m] Set up automount Arbitrary Executabrmats File System Automount Point.
[[0;32m  OK  [0m] Listening on Device-mapper event daemon FIFOs.
[[0;32m  OK  [0m] Listening on Journal Audit Socket.
[[0;32m  OK  [0m] Listening on Network Service Netlink Socket.
[[0;32m  OK  [0m] Listening on LVM2 poll daemon socket.
         Starting Load Kernel Modules...
[[0;32m  OK  [0m] Listening on LVM2 metadata daemon socket.
         Starting Set the console keyboard layout...
[[0;32m  OK  [0m] Listening on Journal Socket (/dev/log).
[[0;32m  OK  [0m] Listening on udev Control Socket.
[[0;32m  OK  [0m] Listening on Syslog Socket.
         Starting Create list of required stce nodes for the current kernel...
[    9.453625] Loading iSCSI transport class v2.0-870.
         Mounting Huge Pages File System...
         Starting Monitoring of LVM2 mirrorsng dmeventd or progress polling...
         Starting Uncomplicated firewall...
         Starting Journal Servic[    9.473405] iscsi: registered transport (tcp)
e...
         Mounting Kernel Debug File System...
[[0;32m  OK  [0m] Created slice system-serial\x2dgetty.slice.
[[0;32m  OK  [0m] Listening on /dev/initctl Compatibility Named Pipe.
[[0;32m  OK  [0m] Reached target Swap.
[[0;32m  OK  [0m] Reached target User and Group Name Lookups.
[[0;32m  OK  [0m] Listening on udev Kernel Socket.
         Starting udev Coldplug all Devices...
         Starting Remount Root and Kernel File Systems...
[[0;32m  OK  [0m] Mounted POSIX Message Queue File System.
[[0;32m  OK  [0m] Started Create list of required stavice nodes for the current kernel.
>>>>>>> c0fb8b7d2afb5f3fef4ddfa8fffbc1c93f9eea8a
[[0;32m  OK  [0m] Mounted Huge Pages File System.
[[0;32m  OK  [0m] Started Uncomplicated firewall.
[[0;32m  OK  [0m] Mounted Kernel Debug File System.
<<<<<<< HEAD
>>>>>>> master
[[0;32m  OK  [0m] Mounted POSIX Message Queue File System.
[[0;32m  OK  [0m] Started Remount Root and Kernel File Systems.
[[0;32m  OK  [0m] Started Create list of required stavice nodes for the current kernel.
[[0;32m  OK  [0m] Started udev Coldplug all Devices.
[[0;32m  OK  [0m] Started LVM2 metadata daemon.
         Starting Create Static Device Nodes in /dev...
         Starting Load/Sa[   16.146895] random: crng init done
ve Random Seed..[   16.150104] random: 7 urandom warning(s) missed due to ratelimiting
.
         Starting Flush Journal to Persistent Storage...
         Starting Apply Kernel Variables...
         Mounting Kernel Configuration File System...
         Mounting FUSE Control File System...
[[0;32m  OK  [0m] Started Monitoring of LVM2 mirrors,sing dmeventd or progress polling.
[[0;32m  OK  [0m] Started Create Static Device Nodes in /dev.
[[0;32m  OK  [0m] Started Load/Save Random Seed.
[[0;32m  OK  [0m] Started Apply Kernel Variables.
[[0;32m  OK  [0m] Mounted Kernel Configuration File System.
[[0;32m  OK  [0m] Mounted FUSE Control File System.
         Starting udev Kernel Device Manager...
[[0;32m  OK  [0m] Started udev Kernel Device Manager.
[[0;32m  OK  [0m] Started Flush Journal to Persistent Storage.
[[0;32m  OK  [0m] Found device /dev/ttyS0.
<<<<<<< HEAD
[[0;32m  OK  [0m] Started Set the console keyboard layout.
[[0;32m  OK  [0m] Listening on Load/Save RF Kill Switch Status /dev/rfkill Watch.
[[0;32m  OK  [0m] Reached target Local File Systems (Pre).
[[0;32m  OK  [0m] Reached target Local File Systems.
=======
[[0;32m  OK  [0m] Listening on Load/Save RF Kill Switch Status /dev/rfkill Watch.
=======
         Starting Create Static Device Nodes in /dev...
[[0;32m  OK  [0m] Started udev Coldplug all Devices.
[[0;32m  OK  [0m] Started Uncomplicated firewall.
[    9.681463] iscsi: registered transport (iser)
[[0;32m  OK  [0m] Started Load Kernel Modules.
         Starting Apply Kernel Variables...
         Mounting FUSE Control File System...
         Mounting Kernel Configuration File System...
[[0;32m  OK  [0m] Started Journal Service.
[[0;32m  OK  [0m] Mounted FUSE Control File System.
[[0;32m  OK  [0m] Mounted Kernel Configuration File System.
[    9.781133] EXT4-fs (sda1): re-mounted. Opts: (null)
[[0;32m  OK  [0m] Started Remount Root and Kernel File Systems.
         Starting Load/Save Random Seed...
         Starting Flush Journal to Persistent Storage...
         Starting Initial cloud-init job (pre-networking)...
[[0;32m  OK  [0m] Started Load/Save Random Seed.
[[0;32m  OK  [0m] Started LVM2 metadata daemon.
[    9.970084] systemd-journald[400]: Received request to flush runtime journal from PID 1
[[0;32m  OK  [0m] Started Create Static Device Nodes in /dev.
         Starting udev Kernel Device Manager...
>>>>>>> c0fb8b7d2afb5f3fef4ddfa8fffbc1c93f9eea8a
[[0;32m  OK  [0m] Started Set the console keyboard layout.
[[0;32m  OK  [0m] Started Apply Kernel Variables.
[[0;32m  OK  [0m] Started Monitoring of LVM2 mirrors,sing dmeventd or progress polling.
[[0;32m  OK  [0m] Reached target Local File Systems (Pre).
[[0;32m  OK  [0m] Reached target Local File Systems.
         Starting Tell Plymouth To Write Out Runtime Data...
         Starting ebtables ruleset management...
         Starting AppArmor initialization...
<<<<<<< HEAD
>>>>>>> master
         Starting Create Volatile Files and Directories...
         Starting Set console font and keymap...
         Starting Tell Plymouth To Write Out Runtime Data...
         Starting AppArmor initialization...
         Starting ebtables ruleset management...
[[0;32m  OK  [0m] Started Dispatch Password Requests to Console Directory Watch.
[[0;32m  OK  [0m] Reached target Local Encrypted Volumes.
[[0;32m  OK  [0m] Started Create Volatile Files and Directories.
[[0;32m  OK  [0m] Started Set console font and keymap.
[[0;32m  OK  [0m] Started Tell Plymouth To Write Out Runtime Data.
         Starting Update UTMP about System Boot/Shutdown...
<<<<<<< HEAD
=======
=======
         Starting Set console font and keymap...
[[0;32m  OK  [0m] Started Tell Plymouth To Write Out Runtime Data.
[[0;32m  OK  [0m] Started Set console font and keymap.
[[0;32m  OK  [0m] Started udev Kernel Device Manager.
[[0;32m  OK  [0m] Started Dispatch Password Requests to Console Directory Watch.
[[0;32m  OK  [0m] Reached target Local Encrypted Volumes.
[[0;32m  OK  [0m] Started ebtables ruleset management.
[[0;32m  OK  [0m] Found device /dev/ttyS0.
[[0;32m  OK  [0m] Started Flush Journal to Persistent Storage.
         Starting Create Volatile Files and Directories...
[[0;32m  OK  [0m] Started Create Volatile Files and Directories.
         Starting Update UTMP about System Boot/Shutdown...
[[0;32m  OK  [0m] Listening on Load/Save RF Kill Switch Status /dev/rfkill Watch.
>>>>>>> c0fb8b7d2afb5f3fef4ddfa8fffbc1c93f9eea8a
[[0;32m  OK  [0m] Started Update UTMP about System Boot/Shutdown.
>>>>>>> master
[[0;32m  OK  [0m] Started ebtables ruleset management.
[[0;32m  OK  [0m] Started Update UTMP about System Boot/Shutdown.
[[0;32m  OK  [0m] Started AppArmor initialization.
<<<<<<< HEAD
         Starting Initial cloud-init job (pre-networking)...
<<<<<<< HEAD
[   18.935753] cloud-init[668]: Cloud-init v. 19.1-1-gbaa47854-0ubuntu1~18.04.1 running 'init-local' at Mon, 10 Jun 2019 10:50:27 +0000. Up 18.66 seconds.
=======
[   21.394897] cloud-init[728]: Cloud-init v. 19.1-1-gbaa47854-0ubuntu1~18.04.1 running 'init-local' at Sun, 09 Jun 2019 03:55:23 +0000. Up 21.18 seconds.
=======
[   16.100874] cloud-init[426]: Cloud-init v. 18.4-0ubuntu1~18.04.1 running 'init-local' at Sun, 09 Jun 2019 16:09:55 +0000. Up 15.74 seconds.
>>>>>>> c0fb8b7d2afb5f3fef4ddfa8fffbc1c93f9eea8a
>>>>>>> master
[[0;32m  OK  [0m] Started Initial cloud-init job (pre-networking).
[[0;32m  OK  [0m] Reached target Network (Pre).
         Starting Network Service...
[[0;32m  OK  [0m] Started Network Service.
         Starting Network Name Resolution...
         Starting Wait for Network to be Configured...
[[0;32m  OK  [0m] Started Network Name Resolution.
[[0;32m  OK  [0m] Reached target Host and Network Name Lookups.
[[0;32m  OK  [0m] Reached target Network.
[[0;32m  OK  [0m] Started Wait for Network to be Configured.
         Starting Initial cloud-init job (metadata service crawler)...
<<<<<<< HEAD
[   21.762586] cloud-init[761]: Cloud-init v. 19.1-1-gbaa47854-0ubuntu1~18.04.1 running 'init' at Mon, 10 Jun 2019 10:50:30 +0000. Up 21.58 seconds.
[   21.776984] cloud-init[761]: ci-info: ++++++++++++++++++++++++++++++++++++++Net device info+++++++++++++++++++++++++++++++++++++++
[   21.798278] cloud-init[761]: ci-info: +--------+------+-----------------------------+---------------+--------+-------------------+
[   21.828602] cloud-init[761]: ci-info: | Device |  Up  |           Address           |      Mask     | Scope  |     Hw-Address    |
[   21.841800] cloud-init[761]: ci-info: +--------+------+-----------------------------+---------------+--------+-------------------+
[   21.859906] cloud-init[761]: ci-info: | enp0s3 | True |          10.0.2.15          | 255.255.255.0 | global | 02:89:59:7e:34:d3 |
[   21.876186] cloud-init[761]: ci-info: | enp0s3 | True |  fe80::89:59ff:fe7e:34d3/64 |       .       |  link  | 02:89:59:7e:34:d3 |
[   21.890395] cloud-init[761]: ci-info: | enp0s8 | True |        192.168.33.10        | 255.255.255.0 | global | 08:00:27:28:aa:e7 |
[   21.896277] cloud-init[761]: ci-info: | enp0s8 | True | fe80::a00:27ff:fe28:aae7/64 |       .       |  link  | 08:00:27:28:aa:e7 |
[   21.905756] cloud-init[761]: ci-info: |   lo   | True |          127.0.0.1          |   255.0.0.0   |  host  |         .         |
[   21.908798] cloud-init[761]: ci-info: |   lo   | True |           ::1/128           |       .       |  host  |         .         |
[   21.912002] cloud-init[761]: ci-info: +--------+------+-----------------------------+---------------+--------+-------------------+
[   21.923008] cloud-init[761]: ci-info: +++++++++++++++++++++++++++++Route IPv4 info+++++++++++++++++++++++++++++
[   21.937346] cloud-init[761]: ci-info: +-------+--------------+----------+-----------------+-----------+-------+
[   21.945599] cloud-init[761]: ci-info: | Route | Destination  | Gateway  |     Genmask     | Interface | Flags |
[   21.953013] cloud-init[761]: ci-info: +-------+--------------+----------+-----------------+-----------+-------+
[   21.962440] cloud-init[761]: ci-info: |   0   |   0.0.0.0    | 10.0.2.2 |     0.0.0.0     |   enp0s3  |   UG  |
[   21.983687] cloud-init[761]: ci-info: |   1   |   10.0.2.0   | 0.0.0.0  |  255.255.255.0  |   enp0s3  |   U   |
[   21.992611] cloud-init[761]: ci-info: |   2   |   10.0.2.2   | 0.0.0.0  | 255.255.255.255 |   enp0s3  |   UH  |
[   21.995792] cloud-init[761]: ci-info: |   3   | 192.168.33.0 | 0.0.0.0  |  255.255.255.0  |   enp0s8  |   U   |
[   22.002454] cloud-init[761]: ci-info: +-------+--------------+----------+-----------------+-----------+-------+
[   22.010258] cloud-init[761]: ci-info: +++++++++++++++++++Route IPv6 info+++++++++++++++++++
[   22.036267] cloud-init[761]: ci-info: +-------+-------------+---------+-----------+-------+[
[0;32m  OK  [0m] Started Initial cloud-init job (metadata service crawler).
[   22.038439] [cloud-init[0;32m  OK  [0m[761]: ] Reached target Network is Online.
ci-info: | Route | Destination | Gateway | Interface | Flags |
=======
<<<<<<< HEAD
[   24.041208] cloud-init[828]: Cloud-init v. 19.1-1-gbaa47854-0ubuntu1~18.04.1 running 'init' at Sun, 09 Jun 2019 03:55:26 +0000. Up 23.89 seconds.
[   24.082564] cloud-init[828]: ci-info: ++++++++++++++++++++++++++++++++++++++Net device info+++++++++++++++++++++++++++++++++++++++
[   24.136334] cloud-init[828]: ci-info: +--------+------+-----------------------------+---------------+--------+-------------------+
[   24.143557] cloud-init[828]: ci-info: | Device |  Up  |           Address           |      Mask     | Scope  |     Hw-Address    |
[   24.147804] cloud-init[828]: ci-info: +--------+------+-----------------------------+---------------+--------+-------------------+
[   24.168267] cloud-init[828]: ci-info: | enp0s3 | True |          10.0.2.15          | 255.255.255.0 | global | 02:89:59:7e:34:d3 |
[   24.174339] cloud-init[828]: ci-info: | enp0s3 | True |  fe80::89:59ff:fe7e:34d3/64 |       .       |  link  | 02:89:59:7e:34:d3 |
[   24.180710] cloud-init[828]: ci-info: | enp0s8 | True |        192.168.33.10        | 255.255.255.0 | global | 08:00:27:28:aa:e7 |
[   24.183835] cloud-init[828]: ci-info: | enp0s8 | True | fe80::a00:27ff:fe28:aae7/64 |       .       |  link  | 08:00:27:28:aa:e7 |
[   24.202084] cloud-init[828]: ci-info: |   lo   | True |          127.0.0.1          |   255.0.0.0   |  host  |         .         |
[   24.210276] cloud-init[828]: ci-info: |   lo   | True |           ::1/128           |       .       |  host  |         .         |
[   24.237402] cloud-init[828]: ci-info: +--------+------+-----------------------------+---------------+--------+-------------------+
[   24.247109] cloud-init[828]: ci-info: +++++++++++++++++++++++++++++Route IPv4 info+++++++++++++++++++++++++++++
[   24.272634] cloud-init[828]: ci-info: +-------+--------------+----------+-----------------+-----------+-------+
[   24.309096] cloud-init[828]: ci-info: | Route | Destination  | Gateway  |     Genmask     | Interface | Flags |
[[0;32m  OK  [0m] Started Initial cloud-init job (metadata service crawler).
[   24.340797] cloud-init[828]: ci-info: +-------+--------------+----------+-----------------+-----------+-------+
=======
[   18.507959] cloud-init[706]: Cloud-init v. 18.4-0ubuntu1~18.04.1 running 'init' at Sun, 09 Jun 2019 16:09:58 +0000. Up 18.33 seconds.
[   18.514238] cloud-init[706]: ci-info: ++++++++++++++++++++++++++++++++++++++Net device info+++++++++++++++++++++++++++++++++++++++
[   18.530186] cloud-init[706]: ci-info: +--------+------+-----------------------------+---------------+--------+-------------------+
[   18.541315] cloud-init[706]: ci-info: | Device |  Up  |           Address           |      Mask     | Scope  |     Hw-Address    |
[   18.552885] cloud-init[706]: ci-info: +--------+------+-----------------------------+---------------+--------+-------------------+
[   18.560603] cloud-init[706]: ci-info: | enp0s3 | True |          10.0.2.15          | 255.255.255.0 | global | 02:fc:ab:43:0a:1b |
[   18.566843] cloud-init[706]: ci-info: | enp0s3 | True |  fe80::fc:abff:fe43:a1b/64  |       .       |  link  | 02:fc:ab:43:0a:1b |
[   18.584383] cloud-init[706]: ci-info: | enp0s8 | True |        192.168.33.10        | 255.255.255.0 | global | 08:00:27:4e:32:7e |
[   18.596439] cloud-init[706]: ci-info: | enp0s8 | True | fe80::a00:27ff:fe4e:327e/64 |       .       |  link  | 08:00:27:4e:32:7e |
[   18.604613] cloud-init[706]: ci-info: |   lo   | True |          127.0.0.1          |   255.0.0.0   |  host  |         .         |
[   18.618760] cloud-init[706]: ci-info: |   lo   | True |           ::1/128           |       .       |  host  |         .         |
[   18.628866] cloud-init[706]: ci-info: +--------+------+-----------------------------+---------------+--------+-------------------+
[   18.635309] cloud-init[706]: ci-info: +++++++++++++++++++++++++++++Route IPv4 info+++++++++++++++++++++++++++++
[   18.642505] cloud-init[706]: ci-info: +-------+--------------+----------+-----------------+-----------+-------+
[   18.693133] cloud-init[706]: ci-info: | Route | Destination  | Gateway  |     Genmask     | Interface | Flags |
[   18.698002] cloud-init[706]: ci-info: +-------+--------------+----------+-----------------+-----------+-------+
[   18.704038] cloud-init[706]: ci-info: |   0   |   0.0.0.0    | 10.0.2.2 |     0.0.0.0     |   enp0s3  |   UG  |
[   18.749125] cloud-init[706]: ci-info: |   1   |   10.0.2.0   | 0.0.0.0  |  255.255.255.0  |   enp0s3  |   U   |
[   18.754275] cloud-init[706]: ci-info: |   2   |   10.0.2.2   | 0.0.0.0  | 255.255.255.255 |   enp0s3  |   UH  |
[   18.797001] cloud-init[706]: ci-info: |   3   | 192.168.33.0 | 0.0.0.0  |  255.255.255.0  |   enp0s8  |   U   |
[   18.809104] cloud-init[706]: ci-info: +-------+--------------+----------+-----------------+-----------+-------+
[   18.823028] cloud-init[706]: ci-info: +++++++++++++++++++Route IPv6 info+++++++++++++++++++
[   18.827449] cloud-init[706]: ci-info: +-------+-------------+---------+-----------+-------+
[   18.850016] cloud-init[706]: ci-info: | Route | Destination | Gateway | Interface | Flags |
[   18.864424] cloud-init[706]: ci-info: +-------+-------------+---------+-----------+-------+
[   18.872427] cloud-init[706]: ci-info: |   1   |  fe80::/64  |    ::   |   enp0s8  |   U   |
[   18.876979] cloud-init[706]: ci-info: |   2   |  fe80::/64  |    ::   |   enp0s3  |   U   |
[   18.888641] cloud-init[706]: ci-info: |   4   |    local    |    ::   |   enp0s3  |   U   |
[   18.894191] cloud-init[706]: ci-info: |   5   |    local    |    ::   |   enp0s8  |   U   |
[   18.899832] cloud-init[706]: ci-info: |   6   |   ff00::/8  |    ::   |   enp0s8  |   U   |
[   18.906718] cloud-init[706]: ci-info: |   7   |   ff00::/8  |    ::   |   enp0s3  |   U   |
[   18.916797] cloud-init[706]: ci-info: +-------+-------------+---------+-----------+-------+
[[0;32m  OK  [0m] Started Initial cloud-init job (metadata service crawler).
[[0;32m  OK  [0m] Reached target Cloud-config availability.
>>>>>>> c0fb8b7d2afb5f3fef4ddfa8fffbc1c93f9eea8a
[[0;32m  OK  [0m] Reached target Network is Online.
[   24.461189] cloud-init[828]: ci-info: |   0   |   0.0.0.0    | 10.0.2.2 |     0.0.0.0     |   enp0s3  |   UG  |
[   24.501484] cloud-init[828]: ci-info: |   1   |   10.0.2.0   | 0.0.0.0  |  255.255.255.0  |   enp0s3  |   U   |
>>>>>>> master
         Starting Availability of block devices...
[   22.100430] cloud-init[761]: ci-info: +-------+-------------+---------+-----------+-------+
[   22.163932] [[0;32m  OK  [0m] Reached target Remote File Systems (Pre).
cloud-init[761]: ci-info: |   1   |  fe80::/64  |    ::   |   enp0s8  |   U   |
[[0;32m  OK  [0m] Reached target Remote File Systems.
[[0;32m  OK  [0m] Reached target System Initialization.
<<<<<<< HEAD
[   22.193054] cloud-init[761]: ci-info: |   2   |  fe80::/64  |    ::   |   enp0s3  |   U   |
=======
<<<<<<< HEAD
[[0;32m  OK  [0m] Started Daily Cleanup of Temporary Directories.
[[0;32m  OK  [0m] Started ACPI Events Check.
cloud-init[828]: ci-info: |   2   |   10.0.2.2   | 0.0.0.0  | 255.255.255.255 |   enp0s3  |   UH  |
>>>>>>> master
         Starting Socket activation for snappy daemon.
[[0;32m  OK  [0m] Listening on Open-iSCSI iscsid Socket.
[[0;32m  OK  [0m] Listening on UUID daemon activation socket.
[   22.209132] cloud-init[761]: ci-info: |   4   |    local    |    ::   |   enp0s3  |   U   |
[[0;32m  OK  [0m] Started ACPI Events Check.
[   22.255926] cloud-init[[0;32m  OK  [0m] Started Daily apt download activities.
[[0;32m  OK  [0m] Started Daily apt upgrade and clean activities.
[761]: ci-info: |   5   |    local    |    ::   |   enp0s8  |   U   |
[[0;32m  OK  [0m] Listening on D-Bus System Message Bus Socket.
[   22.278835] [[0;32m  OK  [0m] Started Daily Cleanup of Temporary Directories.
[[0;32m  OK  [0m] Started Discard unused blocks once a week.
[[0;32m  OK  [0m] Started Message of the Day.
[[0;32m  OK  [0m] Reached target Timers.
<<<<<<< HEAD
cloud-init[761]: ci-info: |   6   |   ff00::/8  |    ::   |   enp0s8  |   U   |
         Starting LXD - unix socket.
[[0;32m  OK  [0m] Reached target Paths.
[[0;32m  OK  [0m] Listening on ACPID Listen Socket.
[[0;32m  OK  [0m] Reached target Cloud-config availability.
=======
[   24.638827] cloud-init[828]: ci-info: | Route | Destination | Gateway | Interface | Flags |
[   24.651033] cloud-init[828]: ci-info: +-------+-------------+---------+-----------+-------+
[   24.653439] cloud-init[828]: ci-info: |   1   |  fe80::/64  |    ::   |   enp0s8  |   U   |
=======
[[0;32m  OK  [0m] Started Message of the Day.
[[0;32m  OK  [0m] Listening on D-Bus System Message Bus Socket.
         Starting LXD - unix socket.
[[0;32m  OK  [0m] Started Daily Cleanup of Temporary Directories.
[[0;32m  OK  [0m] Listening on Open-iSCSI iscsid Socket.
[[0;32m  OK  [0m] Listening on ACPID Listen Socket.
[[0;32m  OK  [0m] Listening on UUID daemon activation socket.
         Starting Socket activation for snappy daemon.
[[0;32m  OK  [0m] Started ACPI Events Check.
[[0;32m  OK  [0m] Reached target Paths.
[[0;32m  OK  [0m] Started Discard unused blocks once a week.
[[0;32m  OK  [0m] Started Daily apt download activities.
[[0;32m  OK  [0m] Started Daily apt upgrade and clean activities.
[[0;32m  OK  [0m] Reached target Timers.
>>>>>>> c0fb8b7d2afb5f3fef4ddfa8fffbc1c93f9eea8a
>>>>>>> master
[[0;32m  OK  [0m] Started Availability of block devices.
[[0;32m  OK  [0m] Listening on LXD - unix socket.
[[0;32m  OK  [0m] Listening on Socket activation for snappy daemon.
[[0;32m  OK  [0m] Reached target Sockets.
[[0;32m  OK  [0m] Reached target Basic System.
<<<<<<< HEAD
         Starting System Logging Service...
[[0;32m  OK  [0m] Started FUSE filesystem for LXC.
         Starting Permit User Sessions...
[   22.304257] cloud-init[761]: ci-info: |   7   |   ff00::/8  |    ::   |   enp0s3  |   U   |
         [   22.352679] cloud-init[761]: ci-info: +-------+-------------+---------+-----------+-------+Starting LXD - container startup/shutdown...
=======
<<<<<<< HEAD
[[0;32m  OK  [0m] Started Deferred execution scheduler.
[   24.669019]          Starting LSB: Record successful boot for GRUB...
cloud-init[828]: ci-info: |   2   |  fe80::/64  |    ::   |   enp0s3  |   U   |
         Starting Login Service...
[   24.728959] cloud-init[828]: ci-info: |   4   |    local    |    ::   |   enp0s3  |   U   |
         Starting Dispatcher daemon for systemd-networkd...
[   24.733992] cloud-init[828]: ci-info: |   5   |    local    |    ::   |   enp0s8  |   U   |
[[0;32m  OK  [0m] Started irqbalance daemon.
[   24.746288] cloud-init[828]: ci-info: |   6   |   ff00::/8  |    ::   |   enp0s8  |   U   |         Starting System Logging Service...
=======
>>>>>>> c0fb8b7d2afb5f3fef4ddfa8fffbc1c93f9eea8a
>>>>>>> master
         Starting Accounts Service...

[[0;32m  OK  [0m] Started irqbalance daemon.
         Starting Dispatcher daemon for systemd-networkd...
         Starting LSB: automatic crash report generation...
         Starting vboxadd.service...
<<<<<<< HEAD
[[0;32m  OK  [0m] Started Deferred execution scheduler.
         Starting Login Service...
[[0;32m  OK  [0m] Started Regular background program processing daemon.
=======
<<<<<<< HEAD
         Starting Permit User Sessions...
>>>>>>> master
[[0;32m  OK  [0m] Started D-Bus System Message Bus.
         Starting OpenBSD Secure Shell server...
         Starting LSB: Record successful boot for GRUB...
         Starting Snappy daemon...
<<<<<<< HEAD
=======
[[0;32m  OK  [0m] Started Regular background program processing daemon.
=======
         Starting Dispatcher daemon for systemd-networkd...
         Starting Permit User Sessions...
         Starting LSB: Record successful boot for GRUB...
[[0;32m  OK  [0m] Started irqbalance daemon.
[[0;32m  OK  [0m] Started FUSE filesystem for LXC.
         Starting System Logging Service...
         Starting Login Service...
         Starting LSB: automatic crash report generation...
[[0;32m  OK  [0m] Started Regular background program processing daemon.
         Starting Snappy daemon...
[[0;32m  OK  [0m] Started D-Bus System Message Bus.
         Starting OpenBSD Secure Shell server...
>>>>>>> c0fb8b7d2afb5f3fef4ddfa8fffbc1c93f9eea8a
>>>>>>> master
[[0;32m  OK  [0m] Started System Logging Service.
[[0;32m  OK  [0m] Started Dispatcher daemon for systemd-networkd.
[[0;32m  OK  [0m] Started Permit User Sessions.
<<<<<<< HEAD
[[0;32m  OK  [0m] Started LXD - container startup/shutdown.
[[0;32m  OK  [0m] Started Login Service.
=======
<<<<<<< HEAD
[[0;32m  OK  [0m] Started OpenBSD Secure Shell server.
=======
[[0;32m  OK  [0m] Started Login Service.
[[0;32m  OK  [0m] Started vboxadd.service.
         Starting vboxadd-service.service...
>>>>>>> c0fb8b7d2afb5f3fef4ddfa8fffbc1c93f9eea8a
         Starting Authorization Manager...
>>>>>>> master
[[0;32m  OK  [0m] Started Unattended Upgrades Shutdown.
         Starting Terminate Plymouth Boot Screen...
         Starting Hold until boot process finishes up...
[[0;32m  OK  [0m] Started Terminate Plymouth Boot Screen.
[[0;32m  OK  [0m] Started Hold until boot process finishes up.
[[0;32m  OK  [0m] Started Serial Getty on ttyS0.
<<<<<<< HEAD
         Starting Set console scheme...
[[0;32m  OK  [0m] Started OpenBSD Secure Shell server.
=======
<<<<<<< HEAD
[[0;32m  OK  [0m] Started Terminate Plymouth Boot Screen.
[[0;32m  OK  [0m] Started LXD - container startup/shutdown.
=======
[[0;32m  OK  [0m] Started LSB: Record successful boot for GRUB.
[[0;32m  OK  [0m] Started LSB: automatic crash report generation.
>>>>>>> c0fb8b7d2afb5f3fef4ddfa8fffbc1c93f9eea8a
>>>>>>> master
[[0;32m  OK  [0m] Started Set console scheme.
[[0;32m  OK  [0m] Created slice system-getty.slice.
[[0;32m  OK  [0m] Started Getty on tty1.
[[0;32m  OK  [0m] Reached target Login Prompts.
<<<<<<< HEAD
         Starting Authorization Manager...
=======
<<<<<<< HEAD
>>>>>>> master
[[0;32m  OK  [0m] Started LSB: Record successful boot for GRUB.
[[0;32m  OK  [0m] Started LSB: automatic crash report generation.
[[0;32m  OK  [0m] Started Authorization Manager.
[[0;32m  OK  [0m] Started Accounts Service.
<<<<<<< HEAD
=======
[[0;32m  OK  [0m] Started Dispatcher daemon for systemd-networkd.
=======
[[0;32m  OK  [0m] Started vboxadd-service.service.
[[0;32m  OK  [0m] Started Authorization Manager.
[[0;32m  OK  [0m] Started Accounts Service.
[[0;32m  OK  [0m] Started OpenBSD Secure Shell server.
[[0;32m  OK  [0m] Started LXD - container startup/shutdown.
>>>>>>> c0fb8b7d2afb5f3fef4ddfa8fffbc1c93f9eea8a
>>>>>>> master
[[0;32m  OK  [0m] Started Snappy daemon.
         Starting Wait until snapd is fully seeded...
[[0;32m  OK  [0m] Created slice User Slice of vagrant.
[[0;32m  OK  [0m] Started Dispatcher daemon for systemd-networkd.
[[0;32m  OK  [0m] Started Wait until snapd is fully seeded.
<<<<<<< HEAD
=======
         Starting Apply the settings specified in cloud-config...
<<<<<<< HEAD
>>>>>>> master
[[0;32m  OK  [0m] Started vboxadd.service.
[[0;32m  OK  [0m] Started Session 1 of user vagrant.
         Starting vboxadd-service.service...
         Starting Apply the settings specified in cloud-config...
         Starting User Manager for UID 1000...
[[0;32m  OK  [0m] Started vboxadd-service.service.
=======
>>>>>>> c0fb8b7d2afb5f3fef4ddfa8fffbc1c93f9eea8a
[[0;32m  OK  [0m] Reached target Multi-User System.
[[0;32m  OK  [0m] Reached target Graphical Interface.
         Starting Update UTMP about System Runlevel Changes...
[[0;32m  OK  [0m] Created slice User Slice of vagrant.
[[0;32m  OK  [0m] Started Update UTMP about System Runlevel Changes.
<<<<<<< HEAD
[[0;32m  OK  [0m] Started User Manager for UID 1000.
[   24.138449] cloud-init[1211]: Cloud-init v. 19.1-1-gbaa47854-0ubuntu1~18.04.1 running 'modules:config' at Mon, 10 Jun 2019 10:50:32 +0000. Up 23.99 seconds.
[[0;32m  OK  [0m] Started Apply the settings specified in cloud-config.
         Starting Execute cloud user/final scripts...
[   24.687848] cloud-init[1312]: Cloud-init v. 19.1-1-gbaa47854-0ubuntu1~18.04.1 running 'modules:final' at Mon, 10 Jun 2019 10:50:33 +0000. Up 24.58 seconds.
[   24.694429] cloud-init[1312]: Cloud-init v. 19.1-1-gbaa47854-0ubuntu1~18.04.1 finished at Mon, 10 Jun 2019 10:50:33 +0000. Datasource DataSourceNoCloud [seed=/dev/sdb][dsmode=net].  Up 24.68 seconds
=======
<<<<<<< HEAD
[   26.262549] cloud-init[1274]: Cloud-init v. 19.1-1-gbaa47854-0ubuntu1~18.04.1 running 'modules:config' at Sun, 09 Jun 2019 03:55:28 +0000. Up 26.18 seconds.
[[0;32m  OK  [0m] Started Apply the settings specified in cloud-config.
         Starting Execute cloud user/final scripts...
[   26.733600] cloud-init[1380]: Cloud-init v. 19.1-1-gbaa47854-0ubuntu1~18.04.1 running 'modules:final' at Sun, 09 Jun 2019 03:55:29 +0000. Up 26.64 seconds.
=======
[[0;32m  OK  [0m] Started Session 1 of user vagrant.
         Starting User Manager for UID 1000...
[[0;32m  OK  [0m] Started User Manager for UID 1000.
[   23.113468] cloud-init[1227]: Cloud-init v. 18.4-0ubuntu1~18.04.1 running 'modules:config' at Sun, 09 Jun 2019 16:10:03 +0000. Up 22.85 seconds.
[[0;32m  OK  [0m] Started Apply the settings specified in cloud-config.
         Starting Execute cloud user/final scripts...
[   23.883067] cloud-init[1302]: Cloud-init v. 18.4-0ubuntu1~18.04.1 running 'modules:final' at Sun, 09 Jun 2019 16:10:03 +0000. Up 23.69 seconds.
[   23.901077] cloud-init[1302]: Cloud-init v. 18.4-0ubuntu1~18.04.1 finished at Sun, 09 Jun 2019 16:10:04 +0000. Datasource DataSourceNoCloud [seed=/dev/sdb][dsmode=net].  Up 23.87 seconds
>>>>>>> c0fb8b7d2afb5f3fef4ddfa8fffbc1c93f9eea8a
>>>>>>> master
[[0;32m  OK  [0m] Started Execute cloud user/final scripts.
[[0;32m  OK  [0m] Reached target Cloud-init target.

Ubuntu 18.04.1 LTS ubuntu-bionic ttyS0

ubuntu-bionic login: [[0;32m  OK  [0m] Stopped target Cloud-init target.
[[0;32m  OK  [0m] Closed Load/S         Stopping LSB: automatic crash report generation...
         Stopping Deferred execution scheduler...
         Stopping User Manager for UID 1000...
[[0;32m  OK  [0m] Stopped Daily apt upgrade and clean activities.
[[0;32m  OK  [0m] Stopped Daily apt download activities.
[[0;32m  OK  [0m] Stopped Discard unused blocks once a week.
[[0;32m  OK  [0m] Stopped target System Time Synchronized.
         Stopping D-Bus System Message Bus...
         Stopping irqbalance daemon...
         Stopping Unattended Upgrades Shutdown...
         Stopping FUSE filesystem for LXC...
[[0;32m  OK  [0m] Stopped Message of the Day.
         Stopping vboxadd-service.service...
         Stopping OpenBSD Secure Shell server...
[[0;32m  OK  [0m] Stopped target Cloud-config availability.
         Stopping System Logging Service...
[[0;32m  OK  [0m] Unmounted /var/lib/lxcfs.
[[0;32m  OK  [0m] Stopped System Logging Service.
[[0;32m  OK  [0m] Stopped Accounts Service.
[[0;32m  OK  [0m] Stopped irqbalance daemon.
[[0;32m  OK  [0m] Stopped Dispatcher daemon for systemd-networkd.
[[0;32m  OK  [0m] Stopped Deferred execution scheduler.
[[0;32m  OK  [0m] Stopped Regular background program processing daemon.
[[0;32m  OK  [0m] Stopped Unattended Upgrades Shutdown.
[[0;32m  OK  [0m] Stopped OpenBSD Secure Shell server.
[[0;32m  OK  [0m] Stopped Serial Getty on ttyS0.
[[0;32m  OK  [0m] Stopped Getty on tty1.
[[0;32m  OK  [0m] Stopped Authorization Manager.
[[0;32m  OK  [0m] Stopped User Manager for UID 1000.
[[0;32m  OK  [0m] Stopped Availability of block devices.
[[0;32m  OK  [0m] Stopped D-Bus System Message Bus.
[[0;32m  OK  [0m] Stopped vboxadd-service.service.
[[0;32m  OK  [0m] Stopped FUSE filesystem for LXC.
[[0;32m  OK  [0m] Stopped Session 5 of user vagrant.
         Stopping vboxadd.service...
[[0;32m  OK  [0m] Removed slice User Slice of vagrant.
[[0;32m  OK  [0m] Removed slice system-getty.slice.
         Stopping Permit User Sessions...
[[0;32m  OK  [0m] Removed slice system-serial\x2dgetty.slice.
         Stopping Login Service...
[[0;32m  OK  [0m] Unmounted /vagrant.
[[0;32m  OK  [0m] Stopped LXD - container startup/shutdown.
[[0;32m  OK  [0m] Stopped LSB: automatic crash report generation.
[[0;32m  OK  [0m] Stopped vboxadd.service.
[[0;32m  OK  [0m] Stopped Permit User Sessions.
[[0;32m  OK  [0m] Stopped target Network.
         Stopping Network Name Resolution...
[[0;32m  OK  [0m] Stopped target Remote File Systems.
[[0;32m  OK  [0m] Stopped target Remote File Systems (Pre).
[[0;32m  OK  [0m] Stopped Login Service.
[[0;32m  OK  [0m] Stopped target User and Group Name Lookups.
[[0;32m  OK  [0m] Stopped LSB: Record successful boot for GRUB.
[[0;32m  OK  [0m] Stopped Network Name Resolution.
         Stopping Network Service...
[[0;32m  OK  [0m] Stopped target Basic System.
[[0;32m  OK  [0m] Stopped target Slices.
[[0;32m  OK  [0m] Removed slice User and Session Slice.
[[0;32m  OK  [0m] Stopped target Paths.
[[0;32m  OK  [0m] Stopped ACPI Events Check.
[[0;32m  OK  [0m] Stopped target Sockets.
[[0;32m  OK  [0m] Closed LXD - unix socket.
[[0;32m  OK  [0m] Closed Syslog Socket.
[[0;32m  OK  [0m] Closed D-Bus System Message Bus Socket.
[[0;32m  OK  [0m] Closed UUID daemon activation socket.
[[0;32m  OK  [0m] Closed Socket activation for snappy daemon.
[[0;32m  OK  [0m] Closed ACPID Listen Socket.
[[0;32m  OK  [0m] Closed Open-iSCSI iscsid Socket.
[[0;32m  OK  [0m] Stopped target System Initialization.
[[0;32m  OK  [0m] Stopped target Local Encrypted Volumes.
[[0;32m  OK  [0m] Stopped Forward Password Requests to Wall Directory Watch.
[[0;32m  OK  [0m] Stopped Dispatch Password Requests to Console Directory Watch.
         Stopping Update UTMP about System Boot/Shutdown...
         Stopping Load/Save Random Seed...
[[0;32m  OK  [0m] Stopped Initial cloud-init job (metadata service crawler).
[[0;32m  OK  [0m] Stopped Network Service.
[[0;32m  OK  [0m] Stopped Apply Kernel Variables.
[[0;32m  OK  [0m] Stopped Load Kernel Modules.
[[0;32m  OK  [0m] Stopped target Network (Pre).
[[0;32m  OK  [0m] Stopped Initial cloud-init job (pre-networking).
[[0;32m  OK  [0m] Stopped Load/Save Random Seed.
[[0;32m  OK  [0m] Stopped Update UTMP about System Boot/Shutdown.
[[0;32m  OK  [0m] Stopped Create Volatile Files and Directories.
[[0;32m  OK  [0m] Stopped target Local File Systems.
         Unmounting /run/user/1000...
[[0;32m  OK  [0m] Unmounted /run/user/1000.
[[0;32m  OK  [0m] Reached target Unmount All Filesystems.
[[0;32m  OK  [0m] Stopped target Local File Systems (Pre).
[[0;32m  OK  [0m] Stopped Create Static Device Nodes in /dev.
[[0;32m  OK  [0m] Stopped Remount Root and Kernel File Systems.
         Stopping Monitoring of LVM2 mirrorsng dmeventd or progress polling...
[[0;32m  OK  [0m] Stopped target Swap.
[[0;32m  OK  [0m] Reached target Shutdown.
[[0;32m  OK  [0m] Reached target Final Step.
         Starting Power-Off...
[ 1572.495798] reboot: Power down
